Archive member included to satisfy reference by file (symbol)

c:/program files (x86)/atmel/studio/7.0/toolchain/avr8/avr8-gnu-toolchain/bin/../lib/gcc/avr/4.9.2/avr5\libgcc.a(_udivmodsi4.o)
                              src/serial/serial.o (__udivmodsi4)
c:/program files (x86)/atmel/studio/7.0/toolchain/avr8/avr8-gnu-toolchain/bin/../lib/gcc/avr/4.9.2/avr5\libgcc.a(_exit.o)
                              C:/Program Files (x86)/Atmel/Studio/7.0/Packs/atmel/ATmega_DFP/1.0.106/gcc/dev/atmega324pa/avr5/crtatmega324pa.o (exit)
c:/program files (x86)/atmel/studio/7.0/toolchain/avr8/avr8-gnu-toolchain/bin/../lib/gcc/avr/4.9.2/avr5\libgcc.a(_copy_data.o)
                              main.o (__do_copy_data)
c:/program files (x86)/atmel/studio/7.0/toolchain/avr8/avr8-gnu-toolchain/bin/../lib/gcc/avr/4.9.2/avr5\libgcc.a(_clear_bss.o)
                              main.o (__do_clear_bss)
c:/program files (x86)/atmel/studio/7.0/toolchain/avr8/avr8-gnu-toolchain/bin/../lib/gcc/avr/4.9.2/../../../../avr/lib/avr5\libc.a(malloc.o)
                              src/serial/serial.o (malloc)
c:/program files (x86)/atmel/studio/7.0/toolchain/avr8/avr8-gnu-toolchain/bin/../lib/gcc/avr/4.9.2/../../../../avr/lib/avr5\libc.a(memcpy.o)
                              src/FreeRTOS/Source/queue.o (memcpy)
c:/program files (x86)/atmel/studio/7.0/toolchain/avr8/avr8-gnu-toolchain/bin/../lib/gcc/avr/4.9.2/../../../../avr/lib/avr5\libc.a(memset.o)
                              src/FreeRTOS/Source/tasks.o (memset)

Allocating common symbols
Common symbol       size              file

__brkval            0x2               c:/program files (x86)/atmel/studio/7.0/toolchain/avr8/avr8-gnu-toolchain/bin/../lib/gcc/avr/4.9.2/../../../../avr/lib/avr5\libc.a(malloc.o)
__flp               0x2               c:/program files (x86)/atmel/studio/7.0/toolchain/avr8/avr8-gnu-toolchain/bin/../lib/gcc/avr/4.9.2/../../../../avr/lib/avr5\libc.a(malloc.o)

Discarded input sections

 .data          0x00000000        0x0 C:/Program Files (x86)/Atmel/Studio/7.0/Packs/atmel/ATmega_DFP/1.0.106/gcc/dev/atmega324pa/avr5/crtatmega324pa.o
 .bss           0x00000000        0x0 C:/Program Files (x86)/Atmel/Studio/7.0/Packs/atmel/ATmega_DFP/1.0.106/gcc/dev/atmega324pa/avr5/crtatmega324pa.o
 .text          0x00000000        0x0 main.o
 .data          0x00000000        0x0 main.o
 .bss           0x00000000        0x0 main.o
 .text.game_task
                0x00000000        0x2 main.o
 .text          0x00000000        0x0 src/board/board.o
 .data          0x00000000        0x0 src/board/board.o
 .bss           0x00000000        0x0 src/board/board.o
 .text          0x00000000        0x0 src/buffer/buffer.o
 .data          0x00000000        0x0 src/buffer/buffer.o
 .bss           0x00000000        0x0 src/buffer/buffer.o
 .text.buffer_is_empty
                0x00000000        0xe src/buffer/buffer.o
 .text.buffer_no_of_items
                0x00000000        0x6 src/buffer/buffer.o
 .text.buffer_clear
                0x00000000        0xa src/buffer/buffer.o
 .text          0x00000000        0x0 src/FreeRTOS/Source/croutine.o
 .data          0x00000000        0x0 src/FreeRTOS/Source/croutine.o
 .bss           0x00000000        0x0 src/FreeRTOS/Source/croutine.o
 .text.xCoRoutineCreate
                0x00000000       0xf0 src/FreeRTOS/Source/croutine.o
 .text.vCoRoutineAddToDelayedList
                0x00000000       0x86 src/FreeRTOS/Source/croutine.o
 .text.vCoRoutineSchedule
                0x00000000      0x27a src/FreeRTOS/Source/croutine.o
 .text.xCoRoutineRemoveFromEventList
                0x00000000       0x4a src/FreeRTOS/Source/croutine.o
 .bss.xPassedTicks
                0x00000000        0x2 src/FreeRTOS/Source/croutine.o
 .bss.xLastTickCount
                0x00000000        0x2 src/FreeRTOS/Source/croutine.o
 .bss.xCoRoutineTickCount
                0x00000000        0x2 src/FreeRTOS/Source/croutine.o
 .bss.uxTopCoRoutineReadyPriority
                0x00000000        0x1 src/FreeRTOS/Source/croutine.o
 .bss.pxCurrentCoRoutine
                0x00000000        0x2 src/FreeRTOS/Source/croutine.o
 .bss.xPendingReadyCoRoutineList
                0x00000000        0x9 src/FreeRTOS/Source/croutine.o
 .bss.pxOverflowDelayedCoRoutineList
                0x00000000        0x2 src/FreeRTOS/Source/croutine.o
 .bss.pxDelayedCoRoutineList
                0x00000000        0x2 src/FreeRTOS/Source/croutine.o
 .bss.xDelayedCoRoutineList2
                0x00000000        0x9 src/FreeRTOS/Source/croutine.o
 .bss.xDelayedCoRoutineList1
                0x00000000        0x9 src/FreeRTOS/Source/croutine.o
 .bss.pxReadyCoRoutineLists
                0x00000000       0x12 src/FreeRTOS/Source/croutine.o
 .debug_info    0x00000000      0x7ca src/FreeRTOS/Source/croutine.o
 .debug_abbrev  0x00000000      0x257 src/FreeRTOS/Source/croutine.o
 .debug_loc     0x00000000      0x3eb src/FreeRTOS/Source/croutine.o
 .debug_aranges
                0x00000000       0x38 src/FreeRTOS/Source/croutine.o
 .debug_ranges  0x00000000       0x28 src/FreeRTOS/Source/croutine.o
 .debug_line    0x00000000      0x3d4 src/FreeRTOS/Source/croutine.o
 .debug_str     0x00000000      0x535 src/FreeRTOS/Source/croutine.o
 .comment       0x00000000       0x31 src/FreeRTOS/Source/croutine.o
 .debug_frame   0x00000000       0xc0 src/FreeRTOS/Source/croutine.o
 .text          0x00000000        0x0 src/FreeRTOS/Source/event_groups.o
 .data          0x00000000        0x0 src/FreeRTOS/Source/event_groups.o
 .bss           0x00000000        0x0 src/FreeRTOS/Source/event_groups.o
 .text.xEventGroupCreate
                0x00000000       0x26 src/FreeRTOS/Source/event_groups.o
 .text.xEventGroupWaitBits
                0x00000000      0x110 src/FreeRTOS/Source/event_groups.o
 .text.xEventGroupClearBits
                0x00000000       0x1e src/FreeRTOS/Source/event_groups.o
 .text.xEventGroupGetBitsFromISR
                0x00000000        0x8 src/FreeRTOS/Source/event_groups.o
 .text.xEventGroupSetBits
                0x00000000       0xdc src/FreeRTOS/Source/event_groups.o
 .text.xEventGroupSync
                0x00000000       0xce src/FreeRTOS/Source/event_groups.o
 .text.vEventGroupDelete
                0x00000000       0x32 src/FreeRTOS/Source/event_groups.o
 .text.vEventGroupSetBitsCallback
                0x00000000        0x8 src/FreeRTOS/Source/event_groups.o
 .text.vEventGroupClearBitsCallback
                0x00000000        0x8 src/FreeRTOS/Source/event_groups.o
 .text.uxEventGroupGetNumber
                0x00000000        0xe src/FreeRTOS/Source/event_groups.o
 .debug_info    0x00000000      0x992 src/FreeRTOS/Source/event_groups.o
 .debug_abbrev  0x00000000      0x26b src/FreeRTOS/Source/event_groups.o
 .debug_loc     0x00000000      0xb8a src/FreeRTOS/Source/event_groups.o
 .debug_aranges
                0x00000000       0x68 src/FreeRTOS/Source/event_groups.o
 .debug_ranges  0x00000000       0x70 src/FreeRTOS/Source/event_groups.o
 .debug_line    0x00000000      0x4a0 src/FreeRTOS/Source/event_groups.o
 .debug_str     0x00000000      0x5b6 src/FreeRTOS/Source/event_groups.o
 .comment       0x00000000       0x31 src/FreeRTOS/Source/event_groups.o
 .debug_frame   0x00000000      0x168 src/FreeRTOS/Source/event_groups.o
 .text          0x00000000        0x0 src/FreeRTOS/Source/list.o
 .data          0x00000000        0x0 src/FreeRTOS/Source/list.o
 .bss           0x00000000        0x0 src/FreeRTOS/Source/list.o
 .text          0x00000000        0x0 src/FreeRTOS/Source/portable/GCC/ATMega324/port.o
 .data          0x00000000        0x0 src/FreeRTOS/Source/portable/GCC/ATMega324/port.o
 .bss           0x00000000        0x0 src/FreeRTOS/Source/portable/GCC/ATMega324/port.o
 .text.vPortEndScheduler
                0x00000000        0x2 src/FreeRTOS/Source/portable/GCC/ATMega324/port.o
 .text          0x00000000        0x0 src/FreeRTOS/Source/portable/MemMang/heap_1.o
 .data          0x00000000        0x0 src/FreeRTOS/Source/portable/MemMang/heap_1.o
 .bss           0x00000000        0x0 src/FreeRTOS/Source/portable/MemMang/heap_1.o
 .text.vPortInitialiseBlocks
                0x00000000        0xa src/FreeRTOS/Source/portable/MemMang/heap_1.o
 .text.xPortGetFreeHeapSize
                0x00000000       0x12 src/FreeRTOS/Source/portable/MemMang/heap_1.o
 .text          0x00000000        0x0 src/serial/serial.o
 .data          0x00000000        0x0 src/serial/serial.o
 .bss           0x00000000        0x0 src/serial/serial.o
 .text.serial_send_byte
                0x00000000       0x32 src/serial/serial.o
 .text          0x00000000        0x0 src/FreeRTOS/Source/queue.o
 .data          0x00000000        0x0 src/FreeRTOS/Source/queue.o
 .bss           0x00000000        0x0 src/FreeRTOS/Source/queue.o
 .text.xQueueGenericSend
                0x00000000      0x142 src/FreeRTOS/Source/queue.o
 .text.xQueueGiveFromISR
                0x00000000       0x52 src/FreeRTOS/Source/queue.o
 .text.xQueueReceiveFromISR
                0x00000000       0x6e src/FreeRTOS/Source/queue.o
 .text.xQueuePeekFromISR
                0x00000000       0x2e src/FreeRTOS/Source/queue.o
 .text.uxQueueMessagesWaiting
                0x00000000       0x10 src/FreeRTOS/Source/queue.o
 .text.uxQueueSpacesAvailable
                0x00000000       0x14 src/FreeRTOS/Source/queue.o
 .text.uxQueueMessagesWaitingFromISR
                0x00000000        0x6 src/FreeRTOS/Source/queue.o
 .text.vQueueDelete
                0x00000000        0x6 src/FreeRTOS/Source/queue.o
 .text.uxQueueGetQueueNumber
                0x00000000        0x6 src/FreeRTOS/Source/queue.o
 .text.vQueueSetQueueNumber
                0x00000000        0x6 src/FreeRTOS/Source/queue.o
 .text.ucQueueGetQueueType
                0x00000000        0x6 src/FreeRTOS/Source/queue.o
 .text.xQueueIsQueueEmptyFromISR
                0x00000000        0xc src/FreeRTOS/Source/queue.o
 .text.xQueueIsQueueFullFromISR
                0x00000000        0xe src/FreeRTOS/Source/queue.o
 .text.xQueueCRSend
                0x00000000       0x72 src/FreeRTOS/Source/queue.o
 .text.xQueueCRReceive
                0x00000000       0x92 src/FreeRTOS/Source/queue.o
 .text.xQueueCRSendFromISR
                0x00000000       0x48 src/FreeRTOS/Source/queue.o
 .text.xQueueCRReceiveFromISR
                0x00000000       0x82 src/FreeRTOS/Source/queue.o
 .text          0x00000000        0x0 src/FreeRTOS/Source/tasks.o
 .data          0x00000000        0x0 src/FreeRTOS/Source/tasks.o
 .bss           0x00000000        0x0 src/FreeRTOS/Source/tasks.o
 .text.vTaskDelete
                0x00000000       0xaa src/FreeRTOS/Source/tasks.o
 .text.eTaskGetState
                0x00000000       0x5e src/FreeRTOS/Source/tasks.o
 .text.vTaskEndScheduler
                0x00000000        0xc src/FreeRTOS/Source/tasks.o
 .text.xTaskGetTickCount
                0x00000000       0x14 src/FreeRTOS/Source/tasks.o
 .text.xTaskGetTickCountFromISR
                0x00000000        0xa src/FreeRTOS/Source/tasks.o
 .text.uxTaskGetNumberOfTasks
                0x00000000        0x6 src/FreeRTOS/Source/tasks.o
 .text.pcTaskGetName
                0x00000000       0x10 src/FreeRTOS/Source/tasks.o
 .text.vTaskDelayUntil
                0x00000000       0x80 src/FreeRTOS/Source/tasks.o
 .text.vTaskDelay
                0x00000000       0x28 src/FreeRTOS/Source/tasks.o
 .text.xTaskGetApplicationTaskTag
                0x00000000       0x1e src/FreeRTOS/Source/tasks.o
 .text.xTaskCallApplicationTaskHook
                0x00000000       0x24 src/FreeRTOS/Source/tasks.o
 .text.vTaskPlaceOnUnorderedEventList
                0x00000000       0x32 src/FreeRTOS/Source/tasks.o
 .text.xTaskRemoveFromUnorderedEventList
                0x00000000       0x74 src/FreeRTOS/Source/tasks.o
 .text.uxTaskGetTaskNumber
                0x00000000        0xe src/FreeRTOS/Source/tasks.o
 .text.vTaskSetTaskNumber
                0x00000000        0xa src/FreeRTOS/Source/tasks.o
 .text.vTaskGetInfo
                0x00000000       0xa6 src/FreeRTOS/Source/tasks.o
 .text.prvListTasksWithinSingleList
                0x00000000       0xb2 src/FreeRTOS/Source/tasks.o
 .text.uxTaskGetSystemState
                0x00000000       0xd0 src/FreeRTOS/Source/tasks.o
 .text.uxTaskResetEventItemValue
                0x00000000       0x2e src/FreeRTOS/Source/tasks.o
 .text.ulTaskNotifyTake
                0x00000000       0xb2 src/FreeRTOS/Source/tasks.o
 .text.xTaskNotifyWait
                0x00000000      0x108 src/FreeRTOS/Source/tasks.o
 .text.xTaskGenericNotify
                0x00000000       0xfc src/FreeRTOS/Source/tasks.o
 .text.xTaskGenericNotifyFromISR
                0x00000000      0x122 src/FreeRTOS/Source/tasks.o
 .text.vTaskNotifyGiveFromISR
                0x00000000       0xb6 src/FreeRTOS/Source/tasks.o
 .text.xTaskNotifyStateClear
                0x00000000       0x28 src/FreeRTOS/Source/tasks.o
 .text          0x00000000        0x0 src/FreeRTOS/Source/timers.o
 .data          0x00000000        0x0 src/FreeRTOS/Source/timers.o
 .bss           0x00000000        0x0 src/FreeRTOS/Source/timers.o
 .debug_info    0x00000000       0x64 src/FreeRTOS/Source/timers.o
 .debug_abbrev  0x00000000       0x26 src/FreeRTOS/Source/timers.o
 .debug_aranges
                0x00000000       0x18 src/FreeRTOS/Source/timers.o
 .debug_line    0x00000000       0x1a src/FreeRTOS/Source/timers.o
 .debug_str     0x00000000      0x162 src/FreeRTOS/Source/timers.o
 .comment       0x00000000       0x31 src/FreeRTOS/Source/timers.o
 .text          0x00000000        0x0 c:/program files (x86)/atmel/studio/7.0/toolchain/avr8/avr8-gnu-toolchain/bin/../lib/gcc/avr/4.9.2/avr5\libgcc.a(_udivmodsi4.o)
 .data          0x00000000        0x0 c:/program files (x86)/atmel/studio/7.0/toolchain/avr8/avr8-gnu-toolchain/bin/../lib/gcc/avr/4.9.2/avr5\libgcc.a(_udivmodsi4.o)
 .bss           0x00000000        0x0 c:/program files (x86)/atmel/studio/7.0/toolchain/avr8/avr8-gnu-toolchain/bin/../lib/gcc/avr/4.9.2/avr5\libgcc.a(_udivmodsi4.o)
 .text.libgcc.mul
                0x00000000        0x0 c:/program files (x86)/atmel/studio/7.0/toolchain/avr8/avr8-gnu-toolchain/bin/../lib/gcc/avr/4.9.2/avr5\libgcc.a(_udivmodsi4.o)
 .text.libgcc   0x00000000        0x0 c:/program files (x86)/atmel/studio/7.0/toolchain/avr8/avr8-gnu-toolchain/bin/../lib/gcc/avr/4.9.2/avr5\libgcc.a(_udivmodsi4.o)
 .text.libgcc.prologue
                0x00000000        0x0 c:/program files (x86)/atmel/studio/7.0/toolchain/avr8/avr8-gnu-toolchain/bin/../lib/gcc/avr/4.9.2/avr5\libgcc.a(_udivmodsi4.o)
 .text.libgcc.builtins
                0x00000000        0x0 c:/program files (x86)/atmel/studio/7.0/toolchain/avr8/avr8-gnu-toolchain/bin/../lib/gcc/avr/4.9.2/avr5\libgcc.a(_udivmodsi4.o)
 .text.libgcc.fmul
                0x00000000        0x0 c:/program files (x86)/atmel/studio/7.0/toolchain/avr8/avr8-gnu-toolchain/bin/../lib/gcc/avr/4.9.2/avr5\libgcc.a(_udivmodsi4.o)
 .text.libgcc.fixed
                0x00000000        0x0 c:/program files (x86)/atmel/studio/7.0/toolchain/avr8/avr8-gnu-toolchain/bin/../lib/gcc/avr/4.9.2/avr5\libgcc.a(_udivmodsi4.o)
 .text          0x00000000        0x0 c:/program files (x86)/atmel/studio/7.0/toolchain/avr8/avr8-gnu-toolchain/bin/../lib/gcc/avr/4.9.2/avr5\libgcc.a(_exit.o)
 .data          0x00000000        0x0 c:/program files (x86)/atmel/studio/7.0/toolchain/avr8/avr8-gnu-toolchain/bin/../lib/gcc/avr/4.9.2/avr5\libgcc.a(_exit.o)
 .bss           0x00000000        0x0 c:/program files (x86)/atmel/studio/7.0/toolchain/avr8/avr8-gnu-toolchain/bin/../lib/gcc/avr/4.9.2/avr5\libgcc.a(_exit.o)
 .text.libgcc.mul
                0x00000000        0x0 c:/program files (x86)/atmel/studio/7.0/toolchain/avr8/avr8-gnu-toolchain/bin/../lib/gcc/avr/4.9.2/avr5\libgcc.a(_exit.o)
 .text.libgcc.div
                0x00000000        0x0 c:/program files (x86)/atmel/studio/7.0/toolchain/avr8/avr8-gnu-toolchain/bin/../lib/gcc/avr/4.9.2/avr5\libgcc.a(_exit.o)
 .text.libgcc   0x00000000        0x0 c:/program files (x86)/atmel/studio/7.0/toolchain/avr8/avr8-gnu-toolchain/bin/../lib/gcc/avr/4.9.2/avr5\libgcc.a(_exit.o)
 .text.libgcc.prologue
                0x00000000        0x0 c:/program files (x86)/atmel/studio/7.0/toolchain/avr8/avr8-gnu-toolchain/bin/../lib/gcc/avr/4.9.2/avr5\libgcc.a(_exit.o)
 .text.libgcc.builtins
                0x00000000        0x0 c:/program files (x86)/atmel/studio/7.0/toolchain/avr8/avr8-gnu-toolchain/bin/../lib/gcc/avr/4.9.2/avr5\libgcc.a(_exit.o)
 .text.libgcc.fmul
                0x00000000        0x0 c:/program files (x86)/atmel/studio/7.0/toolchain/avr8/avr8-gnu-toolchain/bin/../lib/gcc/avr/4.9.2/avr5\libgcc.a(_exit.o)
 .text.libgcc.fixed
                0x00000000        0x0 c:/program files (x86)/atmel/studio/7.0/toolchain/avr8/avr8-gnu-toolchain/bin/../lib/gcc/avr/4.9.2/avr5\libgcc.a(_exit.o)
 .text          0x00000000        0x0 c:/program files (x86)/atmel/studio/7.0/toolchain/avr8/avr8-gnu-toolchain/bin/../lib/gcc/avr/4.9.2/avr5\libgcc.a(_copy_data.o)
 .data          0x00000000        0x0 c:/program files (x86)/atmel/studio/7.0/toolchain/avr8/avr8-gnu-toolchain/bin/../lib/gcc/avr/4.9.2/avr5\libgcc.a(_copy_data.o)
 .bss           0x00000000        0x0 c:/program files (x86)/atmel/studio/7.0/toolchain/avr8/avr8-gnu-toolchain/bin/../lib/gcc/avr/4.9.2/avr5\libgcc.a(_copy_data.o)
 .text.libgcc.mul
                0x00000000        0x0 c:/program files (x86)/atmel/studio/7.0/toolchain/avr8/avr8-gnu-toolchain/bin/../lib/gcc/avr/4.9.2/avr5\libgcc.a(_copy_data.o)
 .text.libgcc.div
                0x00000000        0x0 c:/program files (x86)/atmel/studio/7.0/toolchain/avr8/avr8-gnu-toolchain/bin/../lib/gcc/avr/4.9.2/avr5\libgcc.a(_copy_data.o)
 .text.libgcc   0x00000000        0x0 c:/program files (x86)/atmel/studio/7.0/toolchain/avr8/avr8-gnu-toolchain/bin/../lib/gcc/avr/4.9.2/avr5\libgcc.a(_copy_data.o)
 .text.libgcc.prologue
                0x00000000        0x0 c:/program files (x86)/atmel/studio/7.0/toolchain/avr8/avr8-gnu-toolchain/bin/../lib/gcc/avr/4.9.2/avr5\libgcc.a(_copy_data.o)
 .text.libgcc.builtins
                0x00000000        0x0 c:/program files (x86)/atmel/studio/7.0/toolchain/avr8/avr8-gnu-toolchain/bin/../lib/gcc/avr/4.9.2/avr5\libgcc.a(_copy_data.o)
 .text.libgcc.fmul
                0x00000000        0x0 c:/program files (x86)/atmel/studio/7.0/toolchain/avr8/avr8-gnu-toolchain/bin/../lib/gcc/avr/4.9.2/avr5\libgcc.a(_copy_data.o)
 .text.libgcc.fixed
                0x00000000        0x0 c:/program files (x86)/atmel/studio/7.0/toolchain/avr8/avr8-gnu-toolchain/bin/../lib/gcc/avr/4.9.2/avr5\libgcc.a(_copy_data.o)
 .text          0x00000000        0x0 c:/program files (x86)/atmel/studio/7.0/toolchain/avr8/avr8-gnu-toolchain/bin/../lib/gcc/avr/4.9.2/avr5\libgcc.a(_clear_bss.o)
 .data          0x00000000        0x0 c:/program files (x86)/atmel/studio/7.0/toolchain/avr8/avr8-gnu-toolchain/bin/../lib/gcc/avr/4.9.2/avr5\libgcc.a(_clear_bss.o)
 .bss           0x00000000        0x0 c:/program files (x86)/atmel/studio/7.0/toolchain/avr8/avr8-gnu-toolchain/bin/../lib/gcc/avr/4.9.2/avr5\libgcc.a(_clear_bss.o)
 .text.libgcc.mul
                0x00000000        0x0 c:/program files (x86)/atmel/studio/7.0/toolchain/avr8/avr8-gnu-toolchain/bin/../lib/gcc/avr/4.9.2/avr5\libgcc.a(_clear_bss.o)
 .text.libgcc.div
                0x00000000        0x0 c:/program files (x86)/atmel/studio/7.0/toolchain/avr8/avr8-gnu-toolchain/bin/../lib/gcc/avr/4.9.2/avr5\libgcc.a(_clear_bss.o)
 .text.libgcc   0x00000000        0x0 c:/program files (x86)/atmel/studio/7.0/toolchain/avr8/avr8-gnu-toolchain/bin/../lib/gcc/avr/4.9.2/avr5\libgcc.a(_clear_bss.o)
 .text.libgcc.prologue
                0x00000000        0x0 c:/program files (x86)/atmel/studio/7.0/toolchain/avr8/avr8-gnu-toolchain/bin/../lib/gcc/avr/4.9.2/avr5\libgcc.a(_clear_bss.o)
 .text.libgcc.builtins
                0x00000000        0x0 c:/program files (x86)/atmel/studio/7.0/toolchain/avr8/avr8-gnu-toolchain/bin/../lib/gcc/avr/4.9.2/avr5\libgcc.a(_clear_bss.o)
 .text.libgcc.fmul
                0x00000000        0x0 c:/program files (x86)/atmel/studio/7.0/toolchain/avr8/avr8-gnu-toolchain/bin/../lib/gcc/avr/4.9.2/avr5\libgcc.a(_clear_bss.o)
 .text.libgcc.fixed
                0x00000000        0x0 c:/program files (x86)/atmel/studio/7.0/toolchain/avr8/avr8-gnu-toolchain/bin/../lib/gcc/avr/4.9.2/avr5\libgcc.a(_clear_bss.o)
 .text          0x00000000        0x0 c:/program files (x86)/atmel/studio/7.0/toolchain/avr8/avr8-gnu-toolchain/bin/../lib/gcc/avr/4.9.2/../../../../avr/lib/avr5\libc.a(malloc.o)
 .bss           0x00000000        0x0 c:/program files (x86)/atmel/studio/7.0/toolchain/avr8/avr8-gnu-toolchain/bin/../lib/gcc/avr/4.9.2/../../../../avr/lib/avr5\libc.a(malloc.o)
 .text          0x00000000        0x0 c:/program files (x86)/atmel/studio/7.0/toolchain/avr8/avr8-gnu-toolchain/bin/../lib/gcc/avr/4.9.2/../../../../avr/lib/avr5\libc.a(memcpy.o)
 .data          0x00000000        0x0 c:/program files (x86)/atmel/studio/7.0/toolchain/avr8/avr8-gnu-toolchain/bin/../lib/gcc/avr/4.9.2/../../../../avr/lib/avr5\libc.a(memcpy.o)
 .bss           0x00000000        0x0 c:/program files (x86)/atmel/studio/7.0/toolchain/avr8/avr8-gnu-toolchain/bin/../lib/gcc/avr/4.9.2/../../../../avr/lib/avr5\libc.a(memcpy.o)
 .text          0x00000000        0x0 c:/program files (x86)/atmel/studio/7.0/toolchain/avr8/avr8-gnu-toolchain/bin/../lib/gcc/avr/4.9.2/../../../../avr/lib/avr5\libc.a(memset.o)
 .data          0x00000000        0x0 c:/program files (x86)/atmel/studio/7.0/toolchain/avr8/avr8-gnu-toolchain/bin/../lib/gcc/avr/4.9.2/../../../../avr/lib/avr5\libc.a(memset.o)
 .bss           0x00000000        0x0 c:/program files (x86)/atmel/studio/7.0/toolchain/avr8/avr8-gnu-toolchain/bin/../lib/gcc/avr/4.9.2/../../../../avr/lib/avr5\libc.a(memset.o)

Memory Configuration

Name             Origin             Length             Attributes
text             0x00000000         0x00020000         xr
data             0x00800060         0x0000ffa0         rw !x
eeprom           0x00810000         0x00010000         rw !x
fuse             0x00820000         0x00000400         rw !x
lock             0x00830000         0x00000400         rw !x
signature        0x00840000         0x00000400         rw !x
user_signatures  0x00850000         0x00000400         rw !x
*default*        0x00000000         0xffffffff

Linker script and memory map

Address of section .data set to 0x800100
LOAD C:/Program Files (x86)/Atmel/Studio/7.0/Packs/atmel/ATmega_DFP/1.0.106/gcc/dev/atmega324pa/avr5/crtatmega324pa.o
LOAD main.o
LOAD src/board/board.o
LOAD src/buffer/buffer.o
LOAD src/FreeRTOS/Source/croutine.o
LOAD src/FreeRTOS/Source/event_groups.o
LOAD src/FreeRTOS/Source/list.o
LOAD src/FreeRTOS/Source/portable/GCC/ATMega324/port.o
LOAD src/FreeRTOS/Source/portable/MemMang/heap_1.o
LOAD src/serial/serial.o
LOAD src/FreeRTOS/Source/queue.o
LOAD src/FreeRTOS/Source/tasks.o
LOAD src/FreeRTOS/Source/timers.o
START GROUP
LOAD c:/program files (x86)/atmel/studio/7.0/toolchain/avr8/avr8-gnu-toolchain/bin/../lib/gcc/avr/4.9.2/../../../../avr/lib/avr5\libm.a
END GROUP
START GROUP
LOAD c:/program files (x86)/atmel/studio/7.0/toolchain/avr8/avr8-gnu-toolchain/bin/../lib/gcc/avr/4.9.2/avr5\libgcc.a
LOAD c:/program files (x86)/atmel/studio/7.0/toolchain/avr8/avr8-gnu-toolchain/bin/../lib/gcc/avr/4.9.2/../../../../avr/lib/avr5\libm.a
LOAD c:/program files (x86)/atmel/studio/7.0/toolchain/avr8/avr8-gnu-toolchain/bin/../lib/gcc/avr/4.9.2/../../../../avr/lib/avr5\libc.a
LOAD C:/Program Files (x86)/Atmel/Studio/7.0/Packs/atmel/ATmega_DFP/1.0.106/gcc/dev/atmega324pa/avr5\libatmega324pa.a
END GROUP
                0x00020000                __TEXT_REGION_LENGTH__ = DEFINED (__TEXT_REGION_LENGTH__)?__TEXT_REGION_LENGTH__:0x20000
                0x0000ffa0                __DATA_REGION_LENGTH__ = DEFINED (__DATA_REGION_LENGTH__)?__DATA_REGION_LENGTH__:0xffa0
                0x00010000                __EEPROM_REGION_LENGTH__ = DEFINED (__EEPROM_REGION_LENGTH__)?__EEPROM_REGION_LENGTH__:0x10000
                0x00000400                __FUSE_REGION_LENGTH__ = DEFINED (__FUSE_REGION_LENGTH__)?__FUSE_REGION_LENGTH__:0x400
                0x00000400                __LOCK_REGION_LENGTH__ = DEFINED (__LOCK_REGION_LENGTH__)?__LOCK_REGION_LENGTH__:0x400
                0x00000400                __SIGNATURE_REGION_LENGTH__ = DEFINED (__SIGNATURE_REGION_LENGTH__)?__SIGNATURE_REGION_LENGTH__:0x400
                0x00000400                __USER_SIGNATURE_REGION_LENGTH__ = DEFINED (__USER_SIGNATURE_REGION_LENGTH__)?__USER_SIGNATURE_REGION_LENGTH__:0x400

.hash
 *(.hash)

.dynsym
 *(.dynsym)

.dynstr
 *(.dynstr)

.gnu.version
 *(.gnu.version)

.gnu.version_d
 *(.gnu.version_d)

.gnu.version_r
 *(.gnu.version_r)

.rel.init
 *(.rel.init)

.rela.init
 *(.rela.init)

.rel.text
 *(.rel.text)
 *(.rel.text.*)
 *(.rel.gnu.linkonce.t*)

.rela.text
 *(.rela.text)
 *(.rela.text.*)
 *(.rela.gnu.linkonce.t*)

.rel.fini
 *(.rel.fini)

.rela.fini
 *(.rela.fini)

.rel.rodata
 *(.rel.rodata)
 *(.rel.rodata.*)
 *(.rel.gnu.linkonce.r*)

.rela.rodata
 *(.rela.rodata)
 *(.rela.rodata.*)
 *(.rela.gnu.linkonce.r*)

.rel.data
 *(.rel.data)
 *(.rel.data.*)
 *(.rel.gnu.linkonce.d*)

.rela.data
 *(.rela.data)
 *(.rela.data.*)
 *(.rela.gnu.linkonce.d*)

.rel.ctors
 *(.rel.ctors)

.rela.ctors
 *(.rela.ctors)

.rel.dtors
 *(.rel.dtors)

.rela.dtors
 *(.rela.dtors)

.rel.got
 *(.rel.got)

.rela.got
 *(.rela.got)

.rel.bss
 *(.rel.bss)

.rela.bss
 *(.rela.bss)

.rel.plt
 *(.rel.plt)

.rela.plt
 *(.rela.plt)

.text           0x00000000     0x1b5a
 *(.vectors)
 .vectors       0x00000000       0x7c C:/Program Files (x86)/Atmel/Studio/7.0/Packs/atmel/ATmega_DFP/1.0.106/gcc/dev/atmega324pa/avr5/crtatmega324pa.o
                0x00000000                __vector_default
                0x00000000                __vectors
 *(.vectors)
 *(.progmem.gcc*)
                0x0000007c                . = ALIGN (0x2)
                0x0000007c                __trampolines_start = .
 *(.trampolines)
 .trampolines   0x0000007c        0x0 linker stubs
 *(.trampolines*)
                0x0000007c                __trampolines_end = .
 *libprintf_flt.a:*(.progmem.data)
 *libc.a:*(.progmem.data)
 *(.progmem*)
                0x0000007c                . = ALIGN (0x2)
 *(.jumptables)
 *(.jumptables*)
 *(.lowtext)
 *(.lowtext*)
                0x0000007c                __ctors_start = .
 *(.ctors)
                0x0000007c                __ctors_end = .
                0x0000007c                __dtors_start = .
 *(.dtors)
                0x0000007c                __dtors_end = .
 SORT(*)(.ctors)
 SORT(*)(.dtors)
 *(.init0)
 .init0         0x0000007c        0x0 C:/Program Files (x86)/Atmel/Studio/7.0/Packs/atmel/ATmega_DFP/1.0.106/gcc/dev/atmega324pa/avr5/crtatmega324pa.o
                0x0000007c                __init
 *(.init0)
 *(.init1)
 *(.init1)
 *(.init2)
 .init2         0x0000007c        0xc C:/Program Files (x86)/Atmel/Studio/7.0/Packs/atmel/ATmega_DFP/1.0.106/gcc/dev/atmega324pa/avr5/crtatmega324pa.o
 *(.init2)
 *(.init3)
 *(.init3)
 *(.init4)
 .init4         0x00000088       0x16 c:/program files (x86)/atmel/studio/7.0/toolchain/avr8/avr8-gnu-toolchain/bin/../lib/gcc/avr/4.9.2/avr5\libgcc.a(_copy_data.o)
                0x00000088                __do_copy_data
 .init4         0x0000009e       0x10 c:/program files (x86)/atmel/studio/7.0/toolchain/avr8/avr8-gnu-toolchain/bin/../lib/gcc/avr/4.9.2/avr5\libgcc.a(_clear_bss.o)
                0x0000009e                __do_clear_bss
 *(.init4)
 *(.init5)
 *(.init5)
 *(.init6)
 *(.init6)
 *(.init7)
 *(.init7)
 *(.init8)
 *(.init8)
 *(.init9)
 .init9         0x000000ae        0x8 C:/Program Files (x86)/Atmel/Studio/7.0/Packs/atmel/ATmega_DFP/1.0.106/gcc/dev/atmega324pa/avr5/crtatmega324pa.o
 *(.init9)
 *(.text)
 .text          0x000000b6        0x4 C:/Program Files (x86)/Atmel/Studio/7.0/Packs/atmel/ATmega_DFP/1.0.106/gcc/dev/atmega324pa/avr5/crtatmega324pa.o
                0x000000b6                __vector_22
                0x000000b6                __vector_1
                0x000000b6                __vector_24
                0x000000b6                __vector_12
                0x000000b6                __bad_interrupt
                0x000000b6                __vector_6
                0x000000b6                __vector_3
                0x000000b6                __vector_23
                0x000000b6                __vector_30
                0x000000b6                __vector_25
                0x000000b6                __vector_11
                0x000000b6                __vector_17
                0x000000b6                __vector_19
                0x000000b6                __vector_7
                0x000000b6                __vector_27
                0x000000b6                __vector_5
                0x000000b6                __vector_4
                0x000000b6                __vector_9
                0x000000b6                __vector_2
                0x000000b6                __vector_15
                0x000000b6                __vector_8
                0x000000b6                __vector_26
                0x000000b6                __vector_14
                0x000000b6                __vector_10
                0x000000b6                __vector_18
                0x000000ba                . = ALIGN (0x2)
 *(.text.*)
 .text.handle_display
                0x000000ba       0x5e main.o
                0x000000ba                handle_display
 .text.startup_task
                0x00000118       0x22 main.o
                0x00000118                startup_task
 .text.echo_task
                0x0000013a       0xa8 main.o
                0x0000013a                echo_task
 .text.vApplicationIdleHook
                0x000001e2        0x2 main.o
                0x000001e2                vApplicationIdleHook
 .text.main     0x000001e4       0x5a main.o
                0x000001e4                main
 .text._com_call_back
                0x0000023e       0x3e src/board/board.o
 .text.init_com
                0x0000027c        0xa src/board/board.o
                0x0000027c                init_com
 .text.init_display_timer
                0x00000286       0x24 src/board/board.o
                0x00000286                init_display_timer
 .text.__vector_16
                0x000002aa       0x52 src/board/board.o
                0x000002aa                __vector_16
 .text.com_send_bytes
                0x000002fc       0x12 src/board/board.o
                0x000002fc                com_send_bytes
 .text.init_board
                0x0000030e       0x94 src/board/board.o
                0x0000030e                init_board
 .text.switch_in
                0x000003a2        0x2 src/board/board.o
                0x000003a2                switch_in
 .text.switch_out
                0x000003a4        0x2 src/board/board.o
                0x000003a4                switch_out
 .text.buffer_init
                0x000003a6        0xa src/buffer/buffer.o
                0x000003a6                buffer_init
 .text.buffer_get_item
                0x000003b0       0x42 src/buffer/buffer.o
                0x000003b0                buffer_get_item
 .text.buffer_put_item
                0x000003f2       0x3a src/buffer/buffer.o
                0x000003f2                buffer_put_item
 .text.vListInitialise
                0x0000042c       0x1c src/FreeRTOS/Source/list.o
                0x0000042c                vListInitialise
 .text.vListInitialiseItem
                0x00000448        0x8 src/FreeRTOS/Source/list.o
                0x00000448                vListInitialiseItem
 .text.vListInsertEnd
                0x00000450       0x42 src/FreeRTOS/Source/list.o
                0x00000450                vListInsertEnd
 .text.vListInsert
                0x00000492       0x62 src/FreeRTOS/Source/list.o
                0x00000492                vListInsert
 .text.uxListRemove
                0x000004f4       0x4c src/FreeRTOS/Source/list.o
                0x000004f4                uxListRemove
 .text.pxPortInitialiseStack
                0x00000540       0xd8 src/FreeRTOS/Source/portable/GCC/ATMega324/port.o
                0x00000540                pxPortInitialiseStack
 .text.xPortStartScheduler
                0x00000618       0x74 src/FreeRTOS/Source/portable/GCC/ATMega324/port.o
                0x00000618                xPortStartScheduler
 .text.vPortYield
                0x0000068c       0xb2 src/FreeRTOS/Source/portable/GCC/ATMega324/port.o
                0x0000068c                vPortYield
 .text.vPortYieldFromTick
                0x0000073e       0xb8 src/FreeRTOS/Source/portable/GCC/ATMega324/port.o
                0x0000073e                vPortYieldFromTick
 .text.__vector_13
                0x000007f6        0x6 src/FreeRTOS/Source/portable/GCC/ATMega324/port.o
                0x000007f6                __vector_13
 .text.pvPortMalloc
                0x000007fc       0x6a src/FreeRTOS/Source/portable/MemMang/heap_1.o
                0x000007fc                pvPortMalloc
 .text.vPortFree
                0x00000866        0x2 src/FreeRTOS/Source/portable/MemMang/heap_1.o
                0x00000866                vPortFree
 .text.serial_new_instance
                0x00000868       0xf4 src/serial/serial.o
                0x00000868                serial_new_instance
 .text.serial_send_bytes
                0x0000095c       0x86 src/serial/serial.o
                0x0000095c                serial_send_bytes
 .text.__vector_20
                0x000009e2       0x7c src/serial/serial.o
                0x000009e2                __vector_20
 .text.__vector_21
                0x00000a5e       0x90 src/serial/serial.o
                0x00000a5e                __vector_21
 .text.__vector_28
                0x00000aee       0x7c src/serial/serial.o
                0x00000aee                __vector_28
 .text.__vector_29
                0x00000b6a       0x90 src/serial/serial.o
                0x00000b6a                __vector_29
 .text.prvCopyDataToQueue
                0x00000bfa       0x96 src/FreeRTOS/Source/queue.o
 .text.prvCopyDataFromQueue
                0x00000c90       0x34 src/FreeRTOS/Source/queue.o
 .text.prvUnlockQueue
                0x00000cc4       0x9a src/FreeRTOS/Source/queue.o
 .text.xQueueGenericReset
                0x00000d5e       0x7a src/FreeRTOS/Source/queue.o
                0x00000d5e                xQueueGenericReset
 .text.xQueueGenericCreate
                0x00000dd8       0x62 src/FreeRTOS/Source/queue.o
                0x00000dd8                xQueueGenericCreate
 .text.xQueueGenericSendFromISR
                0x00000e3a       0x74 src/FreeRTOS/Source/queue.o
                0x00000e3a                xQueueGenericSendFromISR
 .text.xQueueGenericReceive
                0x00000eae      0x16a src/FreeRTOS/Source/queue.o
                0x00000eae                xQueueGenericReceive
 .text.prvResetNextTaskUnblockTime
                0x00001018       0x3e src/FreeRTOS/Source/tasks.o
 .text.prvAddCurrentTaskToDelayedList
                0x00001056       0x88 src/FreeRTOS/Source/tasks.o
 .text.xTaskCreate
                0x000010de      0x22a src/FreeRTOS/Source/tasks.o
                0x000010de                xTaskCreate
 .text.vTaskStartScheduler
                0x00001308       0x54 src/FreeRTOS/Source/tasks.o
                0x00001308                vTaskStartScheduler
 .text.vTaskSuspendAll
                0x0000135c        0xc src/FreeRTOS/Source/tasks.o
                0x0000135c                vTaskSuspendAll
 .text.xTaskIncrementTick
                0x00001368      0x176 src/FreeRTOS/Source/tasks.o
                0x00001368                xTaskIncrementTick
 .text.xTaskResumeAll
                0x000014de       0xfe src/FreeRTOS/Source/tasks.o
                0x000014de                xTaskResumeAll
 .text.prvIdleTask
                0x000015dc       0x7e src/FreeRTOS/Source/tasks.o
 .text.vTaskSetApplicationTaskTag
                0x0000165a       0x1e src/FreeRTOS/Source/tasks.o
                0x0000165a                vTaskSetApplicationTaskTag
 .text.vTaskSwitchContext
                0x00001678       0xe8 src/FreeRTOS/Source/tasks.o
                0x00001678                vTaskSwitchContext
 .text.vTaskPlaceOnEventList
                0x00001760       0x26 src/FreeRTOS/Source/tasks.o
                0x00001760                vTaskPlaceOnEventList
 .text.xTaskRemoveFromEventList
                0x00001786       0x90 src/FreeRTOS/Source/tasks.o
                0x00001786                xTaskRemoveFromEventList
 .text.vTaskSetTimeOutState
                0x00001816       0x16 src/FreeRTOS/Source/tasks.o
                0x00001816                vTaskSetTimeOutState
 .text.xTaskCheckForTimeOut
                0x0000182c       0x64 src/FreeRTOS/Source/tasks.o
                0x0000182c                xTaskCheckForTimeOut
 .text.vTaskMissedYield
                0x00001890        0x8 src/FreeRTOS/Source/tasks.o
                0x00001890                vTaskMissedYield
 .text.libgcc.div
                0x00001898       0x44 c:/program files (x86)/atmel/studio/7.0/toolchain/avr8/avr8-gnu-toolchain/bin/../lib/gcc/avr/4.9.2/avr5\libgcc.a(_udivmodsi4.o)
                0x00001898                __udivmodsi4
 .text.avr-libc
                0x000018dc      0x25a c:/program files (x86)/atmel/studio/7.0/toolchain/avr8/avr8-gnu-toolchain/bin/../lib/gcc/avr/4.9.2/../../../../avr/lib/avr5\libc.a(malloc.o)
                0x000018dc                malloc
                0x00001a06                free
 .text.avr-libc
                0x00001b36       0x12 c:/program files (x86)/atmel/studio/7.0/toolchain/avr8/avr8-gnu-toolchain/bin/../lib/gcc/avr/4.9.2/../../../../avr/lib/avr5\libc.a(memcpy.o)
                0x00001b36                memcpy
 .text.avr-libc
                0x00001b48        0xe c:/program files (x86)/atmel/studio/7.0/toolchain/avr8/avr8-gnu-toolchain/bin/../lib/gcc/avr/4.9.2/../../../../avr/lib/avr5\libc.a(memset.o)
                0x00001b48                memset
                0x00001b56                . = ALIGN (0x2)
 *(.fini9)
 .fini9         0x00001b56        0x0 c:/program files (x86)/atmel/studio/7.0/toolchain/avr8/avr8-gnu-toolchain/bin/../lib/gcc/avr/4.9.2/avr5\libgcc.a(_exit.o)
                0x00001b56                _exit
                0x00001b56                exit
 *(.fini9)
 *(.fini8)
 *(.fini8)
 *(.fini7)
 *(.fini7)
 *(.fini6)
 *(.fini6)
 *(.fini5)
 *(.fini5)
 *(.fini4)
 *(.fini4)
 *(.fini3)
 *(.fini3)
 *(.fini2)
 *(.fini2)
 *(.fini1)
 *(.fini1)
 *(.fini0)
 .fini0         0x00001b56        0x4 c:/program files (x86)/atmel/studio/7.0/toolchain/avr8/avr8-gnu-toolchain/bin/../lib/gcc/avr/4.9.2/avr5\libgcc.a(_exit.o)
 *(.fini0)
                0x00001b5a                _etext = .

.data           0x00800100       0x48 load address 0x00001b5a
                0x00800100                PROVIDE (__data_start, .)
 *(.data)
 .data          0x00800100        0x6 c:/program files (x86)/atmel/studio/7.0/toolchain/avr8/avr8-gnu-toolchain/bin/../lib/gcc/avr/4.9.2/../../../../avr/lib/avr5\libc.a(malloc.o)
                0x00800100                __malloc_heap_end
                0x00800102                __malloc_heap_start
                0x00800104                __malloc_margin
 *(.data*)
 .data.col_value
                0x00800106       0x1c main.o
                0x00800106                col_value
 .data._com_port_2_udr
                0x00800122        0x4 src/serial/serial.o
                0x00800122                _com_port_2_udr
 *(.rodata)
 *(.rodata*)
 .rodata.str1.1
                0x00800126       0x1d main.o
 .rodata.str1.1
                0x00800143        0x5 src/FreeRTOS/Source/tasks.o
 *(.gnu.linkonce.d*)
                0x00800148                . = ALIGN (0x2)
                0x00800148                _edata = .
                0x00800148                PROVIDE (__data_end, .)

.bss            0x00800148      0x28c
                0x00800148                PROVIDE (__bss_start, .)
 *(.bss)
 *(.bss*)
 .bss.col_index
                0x00800148        0x1 main.o
                0x00800148                col_index
 .bss._x_com_received_chars_queue
                0x00800149        0x2 main.o
 .bss._com_tx_buffer.2009
                0x0080014b       0x13 src/board/board.o
 .bss._com_rx_buffer.2008
                0x0080015e       0x13 src/board/board.o
 .bss.cb_ptr    0x00800171        0x2 src/board/board.o
 .bss._x_rx_com_queue
                0x00800173        0x2 src/board/board.o
 .bss._com_serial_instance
                0x00800175        0x2 src/board/board.o
 .bss.pucAlignedHeap.1964
                0x00800177        0x2 src/FreeRTOS/Source/portable/MemMang/heap_1.o
 .bss.xNextFreeByte
                0x00800179        0x2 src/FreeRTOS/Source/portable/MemMang/heap_1.o
 .bss.ucHeap    0x0080017b      0x1f4 src/FreeRTOS/Source/portable/MemMang/heap_1.o
 .bss._ser_handle
                0x0080036f        0x4 src/serial/serial.o
 .bss.uxSchedulerSuspended
                0x00800373        0x1 src/FreeRTOS/Source/tasks.o
 .bss.xIdleTaskHandle
                0x00800374        0x2 src/FreeRTOS/Source/tasks.o
 .bss.xNextTaskUnblockTime
                0x00800376        0x2 src/FreeRTOS/Source/tasks.o
 .bss.uxTaskNumber
                0x00800378        0x1 src/FreeRTOS/Source/tasks.o
 .bss.xNumOfOverflows
                0x00800379        0x1 src/FreeRTOS/Source/tasks.o
 .bss.xYieldPending
                0x0080037a        0x1 src/FreeRTOS/Source/tasks.o
 .bss.uxPendedTicks
                0x0080037b        0x1 src/FreeRTOS/Source/tasks.o
 .bss.xSchedulerRunning
                0x0080037c        0x1 src/FreeRTOS/Source/tasks.o
 .bss.uxTopReadyPriority
                0x0080037d        0x1 src/FreeRTOS/Source/tasks.o
 .bss.xTickCount
                0x0080037e        0x2 src/FreeRTOS/Source/tasks.o
 .bss.uxCurrentNumberOfTasks
                0x00800380        0x1 src/FreeRTOS/Source/tasks.o
 .bss.uxDeletedTasksWaitingCleanUp
                0x00800381        0x1 src/FreeRTOS/Source/tasks.o
 .bss.xTasksWaitingTermination
                0x00800382        0x9 src/FreeRTOS/Source/tasks.o
 .bss.xPendingReadyList
                0x0080038b        0x9 src/FreeRTOS/Source/tasks.o
 .bss.pxOverflowDelayedTaskList
                0x00800394        0x2 src/FreeRTOS/Source/tasks.o
 .bss.pxDelayedTaskList
                0x00800396        0x2 src/FreeRTOS/Source/tasks.o
 .bss.xDelayedTaskList2
                0x00800398        0x9 src/FreeRTOS/Source/tasks.o
 .bss.xDelayedTaskList1
                0x008003a1        0x9 src/FreeRTOS/Source/tasks.o
 .bss.pxReadyTasksLists
                0x008003aa       0x24 src/FreeRTOS/Source/tasks.o
 .bss.pxCurrentTCB
                0x008003ce        0x2 src/FreeRTOS/Source/tasks.o
                0x008003ce                pxCurrentTCB
 *(COMMON)
 COMMON         0x008003d0        0x4 c:/program files (x86)/atmel/studio/7.0/toolchain/avr8/avr8-gnu-toolchain/bin/../lib/gcc/avr/4.9.2/../../../../avr/lib/avr5\libc.a(malloc.o)
                0x008003d0                __brkval
                0x008003d2                __flp
                0x008003d4                PROVIDE (__bss_end, .)
                0x00001b5a                __data_load_start = LOADADDR (.data)
                0x00001ba2                __data_load_end = (__data_load_start + SIZEOF (.data))

.noinit         0x008003d4        0x0
                [!provide]                PROVIDE (__noinit_start, .)
 *(.noinit*)
                [!provide]                PROVIDE (__noinit_end, .)
                0x008003d4                _end = .
                0x008003d4                PROVIDE (__heap_start, .)

.eeprom         0x00810000        0x0
 *(.eeprom*)
                0x00810000                __eeprom_end = .

.fuse
 *(.fuse)
 *(.lfuse)
 *(.hfuse)
 *(.efuse)

.lock
 *(.lock*)

.signature
 *(.signature*)

.user_signatures
 *(.user_signatures*)

.stab
 *(.stab)

.stabstr
 *(.stabstr)

.stab.excl
 *(.stab.excl)

.stab.exclstr
 *(.stab.exclstr)

.stab.index
 *(.stab.index)

.stab.indexstr
 *(.stab.indexstr)

.comment        0x00000000       0x30
 *(.comment)
 .comment       0x00000000       0x30 main.o
                                 0x31 (size before relaxing)
 .comment       0x00000030       0x31 src/board/board.o
 .comment       0x00000030       0x31 src/buffer/buffer.o
 .comment       0x00000030       0x31 src/FreeRTOS/Source/list.o
 .comment       0x00000030       0x31 src/FreeRTOS/Source/portable/GCC/ATMega324/port.o
 .comment       0x00000030       0x31 src/FreeRTOS/Source/portable/MemMang/heap_1.o
 .comment       0x00000030       0x31 src/serial/serial.o
 .comment       0x00000030       0x31 src/FreeRTOS/Source/queue.o
 .comment       0x00000030       0x31 src/FreeRTOS/Source/tasks.o
 .comment       0x00000030       0x31 c:/program files (x86)/atmel/studio/7.0/toolchain/avr8/avr8-gnu-toolchain/bin/../lib/gcc/avr/4.9.2/../../../../avr/lib/avr5\libc.a(malloc.o)

.note.gnu.avr.deviceinfo
                0x00000000       0x40
 .note.gnu.avr.deviceinfo
                0x00000000       0x40 C:/Program Files (x86)/Atmel/Studio/7.0/Packs/atmel/ATmega_DFP/1.0.106/gcc/dev/atmega324pa/avr5/crtatmega324pa.o

.note.gnu.build-id
 *(.note.gnu.build-id)

.debug
 *(.debug)

.line
 *(.line)

.debug_srcinfo
 *(.debug_srcinfo)

.debug_sfnames
 *(.debug_sfnames)

.debug_aranges  0x00000000      0x428
 *(.debug_aranges)
 .debug_aranges
                0x00000000       0x48 main.o
 .debug_aranges
                0x00000048       0x58 src/board/board.o
 .debug_aranges
                0x000000a0       0x48 src/buffer/buffer.o
 .debug_aranges
                0x000000e8       0x40 src/FreeRTOS/Source/list.o
 .debug_aranges
                0x00000128       0x48 src/FreeRTOS/Source/portable/GCC/ATMega324/port.o
 .debug_aranges
                0x00000170       0x38 src/FreeRTOS/Source/portable/MemMang/heap_1.o
 .debug_aranges
                0x000001a8       0x50 src/serial/serial.o
 .debug_aranges
                0x000001f8       0xd8 src/FreeRTOS/Source/queue.o
 .debug_aranges
                0x000002d0      0x158 src/FreeRTOS/Source/tasks.o

.debug_pubnames
 *(.debug_pubnames)

.debug_info     0x00000000     0x4dbf
 *(.debug_info .gnu.linkonce.wi.*)
 .debug_info    0x00000000      0x56f main.o
 .debug_info    0x0000056f      0x541 src/board/board.o
 .debug_info    0x00000ab0      0x20d src/buffer/buffer.o
 .debug_info    0x00000cbd      0x2cd src/FreeRTOS/Source/list.o
 .debug_info    0x00000f8a      0x261 src/FreeRTOS/Source/portable/GCC/ATMega324/port.o
 .debug_info    0x000011eb      0x1ad src/FreeRTOS/Source/portable/MemMang/heap_1.o
 .debug_info    0x00001398      0x58c src/serial/serial.o
 .debug_info    0x00001924     0x14fc src/FreeRTOS/Source/queue.o
 .debug_info    0x00002e20     0x1f9f src/FreeRTOS/Source/tasks.o

.debug_abbrev   0x00000000     0x10c8
 *(.debug_abbrev)
 .debug_abbrev  0x00000000      0x1c5 main.o
 .debug_abbrev  0x000001c5      0x1df src/board/board.o
 .debug_abbrev  0x000003a4       0xde src/buffer/buffer.o
 .debug_abbrev  0x00000482       0xf8 src/FreeRTOS/Source/list.o
 .debug_abbrev  0x0000057a      0x167 src/FreeRTOS/Source/portable/GCC/ATMega324/port.o
 .debug_abbrev  0x000006e1      0x12e src/FreeRTOS/Source/portable/MemMang/heap_1.o
 .debug_abbrev  0x0000080f      0x20c src/serial/serial.o
 .debug_abbrev  0x00000a1b      0x301 src/FreeRTOS/Source/queue.o
 .debug_abbrev  0x00000d1c      0x3ac src/FreeRTOS/Source/tasks.o

.debug_line     0x00000000     0x2b59
 *(.debug_line .debug_line.* .debug_line_end)
 .debug_line    0x00000000      0x280 main.o
 .debug_line    0x00000280      0x272 src/board/board.o
 .debug_line    0x000004f2      0x191 src/buffer/buffer.o
 .debug_line    0x00000683      0x22a src/FreeRTOS/Source/list.o
 .debug_line    0x000008ad      0x2d0 src/FreeRTOS/Source/portable/GCC/ATMega324/port.o
 .debug_line    0x00000b7d      0x21e src/FreeRTOS/Source/portable/MemMang/heap_1.o
 .debug_line    0x00000d9b      0x315 src/serial/serial.o
 .debug_line    0x000010b0      0xa6a src/FreeRTOS/Source/queue.o
 .debug_line    0x00001b1a     0x103f src/FreeRTOS/Source/tasks.o

.debug_frame    0x00000000      0xda4
 *(.debug_frame)
 .debug_frame   0x00000000       0x84 main.o
 .debug_frame   0x00000084      0x114 src/board/board.o
 .debug_frame   0x00000198       0x74 src/buffer/buffer.o
 .debug_frame   0x0000020c       0x88 src/FreeRTOS/Source/list.o
 .debug_frame   0x00000294       0x74 src/FreeRTOS/Source/portable/GCC/ATMega324/port.o
 .debug_frame   0x00000308       0x60 src/FreeRTOS/Source/portable/MemMang/heap_1.o
 .debug_frame   0x00000368      0x248 src/serial/serial.o
 .debug_frame   0x000005b0      0x30c src/FreeRTOS/Source/queue.o
 .debug_frame   0x000008bc      0x4e8 src/FreeRTOS/Source/tasks.o

.debug_str      0x00000000     0x17b2
 *(.debug_str)
 .debug_str     0x00000000      0x2cc main.o
                                0x310 (size before relaxing)
 .debug_str     0x000002cc      0x25e src/board/board.o
                                0x42d (size before relaxing)
 .debug_str     0x0000052a       0x67 src/buffer/buffer.o
                                0x202 (size before relaxing)
 .debug_str     0x00000591      0x13b src/FreeRTOS/Source/list.o
                                0x2a3 (size before relaxing)
 .debug_str     0x000006cc      0x11b src/FreeRTOS/Source/portable/GCC/ATMega324/port.o
                                0x2b4 (size before relaxing)
 .debug_str     0x000007e7       0xd2 src/FreeRTOS/Source/portable/MemMang/heap_1.o
                                0x230 (size before relaxing)
 .debug_str     0x000008b9       0xf4 src/serial/serial.o
                                0x3fc (size before relaxing)
 .debug_str     0x000009ad      0x4c3 src/FreeRTOS/Source/queue.o
                                0x7aa (size before relaxing)
 .debug_str     0x00000e70      0x942 src/FreeRTOS/Source/tasks.o
                                0xe30 (size before relaxing)

.debug_loc      0x00000000     0x4fb2
 *(.debug_loc)
 .debug_loc     0x00000000       0x94 main.o
 .debug_loc     0x00000094      0x279 src/board/board.o
 .debug_loc     0x0000030d       0xc0 src/buffer/buffer.o
 .debug_loc     0x000003cd      0x145 src/FreeRTOS/Source/list.o
 .debug_loc     0x00000512      0x2ac src/FreeRTOS/Source/portable/GCC/ATMega324/port.o
 .debug_loc     0x000007be       0xf1 src/FreeRTOS/Source/portable/MemMang/heap_1.o
 .debug_loc     0x000008af      0x916 src/serial/serial.o
 .debug_loc     0x000011c5     0x1c9a src/FreeRTOS/Source/queue.o
 .debug_loc     0x00002e5f     0x2153 src/FreeRTOS/Source/tasks.o

.debug_macinfo
 *(.debug_macinfo)

.debug_weaknames
 *(.debug_weaknames)

.debug_funcnames
 *(.debug_funcnames)

.debug_typenames
 *(.debug_typenames)

.debug_varnames
 *(.debug_varnames)

.debug_pubtypes
 *(.debug_pubtypes)

.debug_ranges   0x00000000      0x4a0
 *(.debug_ranges)
 .debug_ranges  0x00000000       0x38 main.o
 .debug_ranges  0x00000038       0x48 src/board/board.o
 .debug_ranges  0x00000080       0x38 src/buffer/buffer.o
 .debug_ranges  0x000000b8       0x30 src/FreeRTOS/Source/list.o
 .debug_ranges  0x000000e8       0x38 src/FreeRTOS/Source/portable/GCC/ATMega324/port.o
 .debug_ranges  0x00000120       0x28 src/FreeRTOS/Source/portable/MemMang/heap_1.o
 .debug_ranges  0x00000148       0x58 src/serial/serial.o
 .debug_ranges  0x000001a0      0x140 src/FreeRTOS/Source/queue.o
 .debug_ranges  0x000002e0      0x1c0 src/FreeRTOS/Source/tasks.o

.debug_macro
 *(.debug_macro)
OUTPUT(FreeRTOS-Test.elf elf32-avr)
LOAD linker stubs
