Archive member included to satisfy reference by file (symbol)

c:/program files (x86)/atmel/studio/7.0/toolchain/avr8/avr8-gnu-toolchain/bin/../lib/gcc/avr/4.9.2/avr6\libgcc.a(_udivmodsi4.o)
                              src/FreeRTOS/Source/portable/GCC/ATMega256x/port.o (__udivmodsi4)
c:/program files (x86)/atmel/studio/7.0/toolchain/avr8/avr8-gnu-toolchain/bin/../lib/gcc/avr/4.9.2/avr6\libgcc.a(_divmodsi4.o)
                              src/Common/Minimal/integer.o (__divmodsi4)
c:/program files (x86)/atmel/studio/7.0/toolchain/avr8/avr8-gnu-toolchain/bin/../lib/gcc/avr/4.9.2/avr6\libgcc.a(_negsi2.o)
                              c:/program files (x86)/atmel/studio/7.0/toolchain/avr8/avr8-gnu-toolchain/bin/../lib/gcc/avr/4.9.2/avr6\libgcc.a(_divmodsi4.o) (__negsi2)
c:/program files (x86)/atmel/studio/7.0/toolchain/avr8/avr8-gnu-toolchain/bin/../lib/gcc/avr/4.9.2/avr6\libgcc.a(_exit.o)
                              C:/Program Files (x86)/Atmel/Studio/7.0/Packs/atmel/ATmega_DFP/1.0.106/gcc/dev/atmega2560/avr6/crtatmega2560.o (exit)
c:/program files (x86)/atmel/studio/7.0/toolchain/avr8/avr8-gnu-toolchain/bin/../lib/gcc/avr/4.9.2/avr6\libgcc.a(_tablejump2.o)
                              src/FreeRTOS/Source/portable/timers.o (__tablejump2__)
c:/program files (x86)/atmel/studio/7.0/toolchain/avr8/avr8-gnu-toolchain/bin/../lib/gcc/avr/4.9.2/avr6\libgcc.a(_copy_data.o)
                              src/FreeRTOS/Source/portable/timers.o (__do_copy_data)
c:/program files (x86)/atmel/studio/7.0/toolchain/avr8/avr8-gnu-toolchain/bin/../lib/gcc/avr/4.9.2/avr6\libgcc.a(_clear_bss.o)
                              src/FreeRTOS/Source/portable/timers.o (__do_clear_bss)
c:/program files (x86)/atmel/studio/7.0/toolchain/avr8/avr8-gnu-toolchain/bin/../lib/gcc/avr/4.9.2/avr6\libgcc.a(_umulhisi3.o)
                              src/Common/Minimal/comtest.o (__umulhisi3)
c:/program files (x86)/atmel/studio/7.0/toolchain/avr8/avr8-gnu-toolchain/bin/../lib/gcc/avr/4.9.2/../../../../avr/lib/avr6\libc.a(memcpy.o)
                              src/FreeRTOS/Source/queue.o (memcpy)

Allocating common symbols
Common symbol       size              file

xSemaphore3         0x2               src/main.o
x1Handle            0x2               src/main.o
x2Handle            0x2               src/main.o
xSemaphore1         0x2               src/main.o
xTimer2             0x2               src/main.o
xSemaphore2         0x2               src/main.o
xTimer1             0x2               src/main.o
xQueue1             0x2               src/main.o
xTimer3             0x2               src/main.o

Discarded input sections

 .data          0x00000000        0x0 C:/Program Files (x86)/Atmel/Studio/7.0/Packs/atmel/ATmega_DFP/1.0.106/gcc/dev/atmega2560/avr6/crtatmega2560.o
 .bss           0x00000000        0x0 C:/Program Files (x86)/Atmel/Studio/7.0/Packs/atmel/ATmega_DFP/1.0.106/gcc/dev/atmega2560/avr6/crtatmega2560.o
 .text          0x00000000        0x0 src/FreeRTOS/Source/portable/timers.o
 .data          0x00000000        0x0 src/FreeRTOS/Source/portable/timers.o
 .bss           0x00000000        0x0 src/FreeRTOS/Source/portable/timers.o
 .text.pcTimerGetTimerName
                0x00000000       0x30 src/FreeRTOS/Source/portable/timers.o
 .text.xTimerIsTimerActive
                0x00000000       0x4a src/FreeRTOS/Source/portable/timers.o
 .text.pvTimerGetTimerID
                0x00000000       0x46 src/FreeRTOS/Source/portable/timers.o
 .text.vTimerSetTimerID
                0x00000000       0x46 src/FreeRTOS/Source/portable/timers.o
 .text          0x00000000        0x0 src/Common/Minimal/comtest.o
 .data          0x00000000        0x0 src/Common/Minimal/comtest.o
 .bss           0x00000000        0x0 src/Common/Minimal/comtest.o
 .bss.xPort     0x00000000        0x2 src/Common/Minimal/comtest.o
 .bss.uxBaseLED
                0x00000000        0x1 src/Common/Minimal/comtest.o
 .bss.uxRxLoops
                0x00000000        0x1 src/Common/Minimal/comtest.o
 .rodata        0x00000000        0xc src/Common/Minimal/comtest.o
 .text.vAltStartComTestTasks
                0x00000000       0xa6 src/Common/Minimal/comtest.o
 .lowtext       0x00000000      0x15c src/Common/Minimal/comtest.o
 .text.xAreComTestTasksStillRunning
                0x00000000       0x28 src/Common/Minimal/comtest.o
 .debug_info    0x00000000      0x20f src/Common/Minimal/comtest.o
 .debug_abbrev  0x00000000       0xc2 src/Common/Minimal/comtest.o
 .debug_loc     0x00000000      0x17b src/Common/Minimal/comtest.o
 .debug_aranges
                0x00000000       0x38 src/Common/Minimal/comtest.o
 .debug_ranges  0x00000000       0x28 src/Common/Minimal/comtest.o
 .debug_line    0x00000000      0x27c src/Common/Minimal/comtest.o
 .debug_str     0x00000000      0x2b5 src/Common/Minimal/comtest.o
 .comment       0x00000000       0x31 src/Common/Minimal/comtest.o
 .debug_frame   0x00000000       0xb8 src/Common/Minimal/comtest.o
 .text          0x00000000        0x0 src/Common/Minimal/crflash.o
 .data          0x00000000        0x0 src/Common/Minimal/crflash.o
 .bss           0x00000000        0x0 src/Common/Minimal/crflash.o
 .bss.xFlashQueue
                0x00000000        0x2 src/Common/Minimal/crflash.o
 .data.xCoRoutineFlashStatus
                0x00000000        0x1 src/Common/Minimal/crflash.o
 .text.vStartFlashCoRoutines
                0x00000000       0x6a src/Common/Minimal/crflash.o
 .text.prvFixedDelayCoRoutine
                0x00000000      0x104 src/Common/Minimal/crflash.o
 .text.prvFlashCoRoutine
                0x00000000       0xbc src/Common/Minimal/crflash.o
 .text.xAreFlashCoRoutinesStillRunning
                0x00000000       0x12 src/Common/Minimal/crflash.o
 .rodata.xFlashRates.1708
                0x00000000       0x10 src/Common/Minimal/crflash.o
 .debug_info    0x00000000      0x2d9 src/Common/Minimal/crflash.o
 .debug_abbrev  0x00000000       0xfa src/Common/Minimal/crflash.o
 .debug_loc     0x00000000      0x113 src/Common/Minimal/crflash.o
 .debug_aranges
                0x00000000       0x38 src/Common/Minimal/crflash.o
 .debug_ranges  0x00000000       0x28 src/Common/Minimal/crflash.o
 .debug_line    0x00000000      0x294 src/Common/Minimal/crflash.o
 .debug_str     0x00000000      0x352 src/Common/Minimal/crflash.o
 .comment       0x00000000       0x31 src/Common/Minimal/crflash.o
 .debug_frame   0x00000000       0x94 src/Common/Minimal/crflash.o
 .text          0x00000000        0x0 src/Common/Minimal/integer.o
 .data          0x00000000        0x0 src/Common/Minimal/integer.o
 .bss           0x00000000        0x0 src/Common/Minimal/integer.o
 .bss.xTaskCheck
                0x00000000        0x1 src/Common/Minimal/integer.o
 .rodata        0x00000000        0x8 src/Common/Minimal/integer.o
 .text.vStartIntegerMathTasks
                0x00000000       0x76 src/Common/Minimal/integer.o
 .lowtext       0x00000000       0xda src/Common/Minimal/integer.o
 .text.xAreIntegerMathsTaskStillRunning
                0x00000000       0x54 src/Common/Minimal/integer.o
 .debug_info    0x00000000      0x194 src/Common/Minimal/integer.o
 .debug_abbrev  0x00000000       0xce src/Common/Minimal/integer.o
 .debug_loc     0x00000000      0x132 src/Common/Minimal/integer.o
 .debug_aranges
                0x00000000       0x30 src/Common/Minimal/integer.o
 .debug_ranges  0x00000000       0x20 src/Common/Minimal/integer.o
 .debug_line    0x00000000      0x1a0 src/Common/Minimal/integer.o
 .debug_str     0x00000000      0x250 src/Common/Minimal/integer.o
 .comment       0x00000000       0x31 src/Common/Minimal/integer.o
 .debug_frame   0x00000000       0x98 src/Common/Minimal/integer.o
 .text          0x00000000        0x0 src/Common/Minimal/PollQ.o
 .data          0x00000000        0x0 src/Common/Minimal/PollQ.o
 .bss           0x00000000        0x0 src/Common/Minimal/PollQ.o
 .bss.xPollingConsumerCount
                0x00000000        0x1 src/Common/Minimal/PollQ.o
 .bss.xPollingProducerCount
                0x00000000        0x1 src/Common/Minimal/PollQ.o
 .rodata        0x00000000       0x10 src/Common/Minimal/PollQ.o
 .text.vStartPolledQueueTasks
                0x00000000       0x86 src/Common/Minimal/PollQ.o
 .lowtext       0x00000000      0x112 src/Common/Minimal/PollQ.o
 .text.xArePollingQueuesStillRunning
                0x00000000       0x34 src/Common/Minimal/PollQ.o
 .bss.xPolledQueue.2007
                0x00000000        0x2 src/Common/Minimal/PollQ.o
 .debug_info    0x00000000      0x1f1 src/Common/Minimal/PollQ.o
 .debug_abbrev  0x00000000       0xb3 src/Common/Minimal/PollQ.o
 .debug_loc     0x00000000      0x17a src/Common/Minimal/PollQ.o
 .debug_aranges
                0x00000000       0x38 src/Common/Minimal/PollQ.o
 .debug_ranges  0x00000000       0x28 src/Common/Minimal/PollQ.o
 .debug_line    0x00000000      0x261 src/Common/Minimal/PollQ.o
 .debug_str     0x00000000      0x2b2 src/Common/Minimal/PollQ.o
 .comment       0x00000000       0x31 src/Common/Minimal/PollQ.o
 .debug_frame   0x00000000       0xb8 src/Common/Minimal/PollQ.o
 .text          0x00000000        0x0 src/FreeRTOS/Source/event_groups.o
 .data          0x00000000        0x0 src/FreeRTOS/Source/event_groups.o
 .bss           0x00000000        0x0 src/FreeRTOS/Source/event_groups.o
 .text.xEventGroupCreate
                0x00000000       0x42 src/FreeRTOS/Source/event_groups.o
 .text.xEventGroupSync
                0x00000000      0x176 src/FreeRTOS/Source/event_groups.o
 .text.xEventGroupWaitBits
                0x00000000      0x18c src/FreeRTOS/Source/event_groups.o
 .text.xEventGroupClearBits
                0x00000000       0x72 src/FreeRTOS/Source/event_groups.o
 .text.xEventGroupGetBitsFromISR
                0x00000000       0x46 src/FreeRTOS/Source/event_groups.o
 .text.xEventGroupSetBits
                0x00000000      0x17a src/FreeRTOS/Source/event_groups.o
 .text.vEventGroupDelete
                0x00000000       0x64 src/FreeRTOS/Source/event_groups.o
 .text.vEventGroupSetBitsCallback
                0x00000000       0x38 src/FreeRTOS/Source/event_groups.o
 .text.vEventGroupClearBitsCallback
                0x00000000       0x38 src/FreeRTOS/Source/event_groups.o
 .text.prvTestWaitCondition
                0x00000000       0x62 src/FreeRTOS/Source/event_groups.o
 .debug_info    0x00000000      0x64b src/FreeRTOS/Source/event_groups.o
 .debug_abbrev  0x00000000      0x139 src/FreeRTOS/Source/event_groups.o
 .debug_loc     0x00000000      0x2e5 src/FreeRTOS/Source/event_groups.o
 .debug_aranges
                0x00000000       0x68 src/FreeRTOS/Source/event_groups.o
 .debug_ranges  0x00000000       0x58 src/FreeRTOS/Source/event_groups.o
 .debug_line    0x00000000      0x4e5 src/FreeRTOS/Source/event_groups.o
 .debug_str     0x00000000      0x4f2 src/FreeRTOS/Source/event_groups.o
 .comment       0x00000000       0x31 src/FreeRTOS/Source/event_groups.o
 .debug_frame   0x00000000      0x160 src/FreeRTOS/Source/event_groups.o
 .text          0x00000000        0x0 src/FreeRTOS/Source/list.o
 .data          0x00000000        0x0 src/FreeRTOS/Source/list.o
 .bss           0x00000000        0x0 src/FreeRTOS/Source/list.o
 .text          0x00000000        0x0 src/FreeRTOS/Source/portable/croutine.o
 .data          0x00000000        0x0 src/FreeRTOS/Source/portable/croutine.o
 .bss           0x00000000        0x0 src/FreeRTOS/Source/portable/croutine.o
 .bss.pxReadyCoRoutineLists
                0x00000000       0x12 src/FreeRTOS/Source/portable/croutine.o
 .bss.xDelayedCoRoutineList1
                0x00000000        0x9 src/FreeRTOS/Source/portable/croutine.o
 .bss.xDelayedCoRoutineList2
                0x00000000        0x9 src/FreeRTOS/Source/portable/croutine.o
 .bss.pxDelayedCoRoutineList
                0x00000000        0x2 src/FreeRTOS/Source/portable/croutine.o
 .bss.pxOverflowDelayedCoRoutineList
                0x00000000        0x2 src/FreeRTOS/Source/portable/croutine.o
 .bss.xPendingReadyCoRoutineList
                0x00000000        0x9 src/FreeRTOS/Source/portable/croutine.o
 .bss.pxCurrentCoRoutine
                0x00000000        0x2 src/FreeRTOS/Source/portable/croutine.o
 .bss.uxTopCoRoutineReadyPriority
                0x00000000        0x1 src/FreeRTOS/Source/portable/croutine.o
 .bss.xCoRoutineTickCount
                0x00000000        0x2 src/FreeRTOS/Source/portable/croutine.o
 .bss.xLastTickCount
                0x00000000        0x2 src/FreeRTOS/Source/portable/croutine.o
 .bss.xPassedTicks
                0x00000000        0x2 src/FreeRTOS/Source/portable/croutine.o
 .text.xCoRoutineCreate
                0x00000000      0x138 src/FreeRTOS/Source/portable/croutine.o
 .text.vCoRoutineAddToDelayedList
                0x00000000       0xc6 src/FreeRTOS/Source/portable/croutine.o
 .text.prvCheckPendingReadyList
                0x00000000       0x9a src/FreeRTOS/Source/portable/croutine.o
 .text.prvCheckDelayedList
                0x00000000      0x16a src/FreeRTOS/Source/portable/croutine.o
 .text.vCoRoutineSchedule
                0x00000000      0x108 src/FreeRTOS/Source/portable/croutine.o
 .text.prvInitialiseCoRoutineLists
                0x00000000       0x72 src/FreeRTOS/Source/portable/croutine.o
 .text.xCoRoutineRemoveFromEventList
                0x00000000       0x72 src/FreeRTOS/Source/portable/croutine.o
 .debug_info    0x00000000      0x4d8 src/FreeRTOS/Source/portable/croutine.o
 .debug_abbrev  0x00000000      0x182 src/FreeRTOS/Source/portable/croutine.o
 .debug_loc     0x00000000      0x1f7 src/FreeRTOS/Source/portable/croutine.o
 .debug_aranges
                0x00000000       0x50 src/FreeRTOS/Source/portable/croutine.o
 .debug_ranges  0x00000000       0x40 src/FreeRTOS/Source/portable/croutine.o
 .debug_line    0x00000000      0x42f src/FreeRTOS/Source/portable/croutine.o
 .debug_str     0x00000000      0x4ec src/FreeRTOS/Source/portable/croutine.o
 .comment       0x00000000       0x31 src/FreeRTOS/Source/portable/croutine.o
 .debug_frame   0x00000000       0xf4 src/FreeRTOS/Source/portable/croutine.o
 .text          0x00000000        0x0 src/FreeRTOS/Source/portable/GCC/ATMega256x/port.o
 .data          0x00000000        0x0 src/FreeRTOS/Source/portable/GCC/ATMega256x/port.o
 .bss           0x00000000        0x0 src/FreeRTOS/Source/portable/GCC/ATMega256x/port.o
 .text.vPortEndScheduler
                0x00000000       0x20 src/FreeRTOS/Source/portable/GCC/ATMega256x/port.o
 .text          0x00000000        0x0 src/FreeRTOS/Source/portable/MemMang/heap_1.o
 .data          0x00000000        0x0 src/FreeRTOS/Source/portable/MemMang/heap_1.o
 .bss           0x00000000        0x0 src/FreeRTOS/Source/portable/MemMang/heap_1.o
 .text.vPortInitialiseBlocks
                0x00000000       0x16 src/FreeRTOS/Source/portable/MemMang/heap_1.o
 .text.xPortGetFreeHeapSize
                0x00000000       0x22 src/FreeRTOS/Source/portable/MemMang/heap_1.o
 .text          0x00000000        0x0 src/FreeRTOS/Source/queue.o
 .data          0x00000000        0x0 src/FreeRTOS/Source/queue.o
 .bss           0x00000000        0x0 src/FreeRTOS/Source/queue.o
 .text.xQueueGiveFromISR
                0x00000000       0xb8 src/FreeRTOS/Source/queue.o
 .text.xQueuePeekFromISR
                0x00000000       0x78 src/FreeRTOS/Source/queue.o
 .text.uxQueueMessagesWaiting
                0x00000000       0x30 src/FreeRTOS/Source/queue.o
 .text.uxQueueSpacesAvailable
                0x00000000       0x4e src/FreeRTOS/Source/queue.o
 .text.uxQueueMessagesWaitingFromISR
                0x00000000       0x26 src/FreeRTOS/Source/queue.o
 .text.vQueueDelete
                0x00000000       0x2e src/FreeRTOS/Source/queue.o
 .text.xQueueIsQueueEmptyFromISR
                0x00000000       0x30 src/FreeRTOS/Source/queue.o
 .text.xQueueIsQueueFullFromISR
                0x00000000       0x38 src/FreeRTOS/Source/queue.o
 .text.xQueueCRSend
                0x00000000       0xc2 src/FreeRTOS/Source/queue.o
 .text.xQueueCRReceive
                0x00000000      0x132 src/FreeRTOS/Source/queue.o
 .text.xQueueCRSendFromISR
                0x00000000       0x82 src/FreeRTOS/Source/queue.o
 .text.xQueueCRReceiveFromISR
                0x00000000      0x108 src/FreeRTOS/Source/queue.o
 .text          0x00000000        0x0 src/FreeRTOS/Source/tasks.o
 .data          0x00000000        0x0 src/FreeRTOS/Source/tasks.o
 .bss           0x00000000        0x0 src/FreeRTOS/Source/tasks.o
 .text.vTaskDelete
                0x00000000       0xb6 src/FreeRTOS/Source/tasks.o
 .text.vTaskDelayUntil
                0x00000000       0xf2 src/FreeRTOS/Source/tasks.o
 .text.prvTaskIsTaskSuspended
                0x00000000       0x60 src/FreeRTOS/Source/tasks.o
 .text.vTaskResume
                0x00000000       0xce src/FreeRTOS/Source/tasks.o
 .text.xTaskResumeFromISR
                0x00000000       0xcc src/FreeRTOS/Source/tasks.o
 .text.vTaskEndScheduler
                0x00000000       0x18 src/FreeRTOS/Source/tasks.o
 .text.xTaskGetTickCountFromISR
                0x00000000       0x28 src/FreeRTOS/Source/tasks.o
 .text.uxTaskGetNumberOfTasks
                0x00000000       0x12 src/FreeRTOS/Source/tasks.o
 .text.vTaskPlaceOnUnorderedEventList
                0x00000000       0xa6 src/FreeRTOS/Source/tasks.o
 .text.xTaskRemoveFromUnorderedEventList
                0x00000000       0xd6 src/FreeRTOS/Source/tasks.o
 .text.uxTaskResetEventItemValue
                0x00000000       0x56 src/FreeRTOS/Source/tasks.o
 .text.ulTaskNotifyTake
                0x00000000      0x13a src/FreeRTOS/Source/tasks.o
 .text.xTaskNotifyWait
                0x00000000      0x18c src/FreeRTOS/Source/tasks.o
 .text.xTaskGenericNotify
                0x00000000      0x1c2 src/FreeRTOS/Source/tasks.o
 .text.xTaskNotifyFromISR
                0x00000000      0x1c0 src/FreeRTOS/Source/tasks.o
 .text.vTaskNotifyGiveFromISR
                0x00000000      0x112 src/FreeRTOS/Source/tasks.o
 .text          0x00000000        0x0 src/main.o
 .data          0x00000000        0x0 src/main.o
 .bss           0x00000000        0x0 src/main.o
 .text          0x00000000        0x0 src/serial/serial.o
 .data          0x00000000        0x0 src/serial/serial.o
 .bss           0x00000000        0x0 src/serial/serial.o
 .text.xSerialPortInitMinimal
                0x00000000       0xd2 src/serial/serial.o
 .text.xSerialGetChar
                0x00000000       0x4a src/serial/serial.o
 .text.xSerialPutChar
                0x00000000       0x64 src/serial/serial.o
 .text.vSerialClose
                0x00000000       0x5c src/serial/serial.o
 .text          0x00000000        0x0 c:/program files (x86)/atmel/studio/7.0/toolchain/avr8/avr8-gnu-toolchain/bin/../lib/gcc/avr/4.9.2/avr6\libgcc.a(_udivmodsi4.o)
 .data          0x00000000        0x0 c:/program files (x86)/atmel/studio/7.0/toolchain/avr8/avr8-gnu-toolchain/bin/../lib/gcc/avr/4.9.2/avr6\libgcc.a(_udivmodsi4.o)
 .bss           0x00000000        0x0 c:/program files (x86)/atmel/studio/7.0/toolchain/avr8/avr8-gnu-toolchain/bin/../lib/gcc/avr/4.9.2/avr6\libgcc.a(_udivmodsi4.o)
 .text.libgcc.mul
                0x00000000        0x0 c:/program files (x86)/atmel/studio/7.0/toolchain/avr8/avr8-gnu-toolchain/bin/../lib/gcc/avr/4.9.2/avr6\libgcc.a(_udivmodsi4.o)
 .text.libgcc   0x00000000        0x0 c:/program files (x86)/atmel/studio/7.0/toolchain/avr8/avr8-gnu-toolchain/bin/../lib/gcc/avr/4.9.2/avr6\libgcc.a(_udivmodsi4.o)
 .text.libgcc.prologue
                0x00000000        0x0 c:/program files (x86)/atmel/studio/7.0/toolchain/avr8/avr8-gnu-toolchain/bin/../lib/gcc/avr/4.9.2/avr6\libgcc.a(_udivmodsi4.o)
 .text.libgcc.builtins
                0x00000000        0x0 c:/program files (x86)/atmel/studio/7.0/toolchain/avr8/avr8-gnu-toolchain/bin/../lib/gcc/avr/4.9.2/avr6\libgcc.a(_udivmodsi4.o)
 .text.libgcc.fmul
                0x00000000        0x0 c:/program files (x86)/atmel/studio/7.0/toolchain/avr8/avr8-gnu-toolchain/bin/../lib/gcc/avr/4.9.2/avr6\libgcc.a(_udivmodsi4.o)
 .text.libgcc.fixed
                0x00000000        0x0 c:/program files (x86)/atmel/studio/7.0/toolchain/avr8/avr8-gnu-toolchain/bin/../lib/gcc/avr/4.9.2/avr6\libgcc.a(_udivmodsi4.o)
 .text          0x00000000        0x0 c:/program files (x86)/atmel/studio/7.0/toolchain/avr8/avr8-gnu-toolchain/bin/../lib/gcc/avr/4.9.2/avr6\libgcc.a(_divmodsi4.o)
 .data          0x00000000        0x0 c:/program files (x86)/atmel/studio/7.0/toolchain/avr8/avr8-gnu-toolchain/bin/../lib/gcc/avr/4.9.2/avr6\libgcc.a(_divmodsi4.o)
 .bss           0x00000000        0x0 c:/program files (x86)/atmel/studio/7.0/toolchain/avr8/avr8-gnu-toolchain/bin/../lib/gcc/avr/4.9.2/avr6\libgcc.a(_divmodsi4.o)
 .text.libgcc.mul
                0x00000000        0x0 c:/program files (x86)/atmel/studio/7.0/toolchain/avr8/avr8-gnu-toolchain/bin/../lib/gcc/avr/4.9.2/avr6\libgcc.a(_divmodsi4.o)
 .text.libgcc.div
                0x00000000       0x2e c:/program files (x86)/atmel/studio/7.0/toolchain/avr8/avr8-gnu-toolchain/bin/../lib/gcc/avr/4.9.2/avr6\libgcc.a(_divmodsi4.o)
 .text.libgcc   0x00000000        0x0 c:/program files (x86)/atmel/studio/7.0/toolchain/avr8/avr8-gnu-toolchain/bin/../lib/gcc/avr/4.9.2/avr6\libgcc.a(_divmodsi4.o)
 .text.libgcc.prologue
                0x00000000        0x0 c:/program files (x86)/atmel/studio/7.0/toolchain/avr8/avr8-gnu-toolchain/bin/../lib/gcc/avr/4.9.2/avr6\libgcc.a(_divmodsi4.o)
 .text.libgcc.builtins
                0x00000000        0x0 c:/program files (x86)/atmel/studio/7.0/toolchain/avr8/avr8-gnu-toolchain/bin/../lib/gcc/avr/4.9.2/avr6\libgcc.a(_divmodsi4.o)
 .text.libgcc.fmul
                0x00000000        0x0 c:/program files (x86)/atmel/studio/7.0/toolchain/avr8/avr8-gnu-toolchain/bin/../lib/gcc/avr/4.9.2/avr6\libgcc.a(_divmodsi4.o)
 .text.libgcc.fixed
                0x00000000        0x0 c:/program files (x86)/atmel/studio/7.0/toolchain/avr8/avr8-gnu-toolchain/bin/../lib/gcc/avr/4.9.2/avr6\libgcc.a(_divmodsi4.o)
 .text          0x00000000        0x0 c:/program files (x86)/atmel/studio/7.0/toolchain/avr8/avr8-gnu-toolchain/bin/../lib/gcc/avr/4.9.2/avr6\libgcc.a(_negsi2.o)
 .data          0x00000000        0x0 c:/program files (x86)/atmel/studio/7.0/toolchain/avr8/avr8-gnu-toolchain/bin/../lib/gcc/avr/4.9.2/avr6\libgcc.a(_negsi2.o)
 .bss           0x00000000        0x0 c:/program files (x86)/atmel/studio/7.0/toolchain/avr8/avr8-gnu-toolchain/bin/../lib/gcc/avr/4.9.2/avr6\libgcc.a(_negsi2.o)
 .text.libgcc.mul
                0x00000000        0x0 c:/program files (x86)/atmel/studio/7.0/toolchain/avr8/avr8-gnu-toolchain/bin/../lib/gcc/avr/4.9.2/avr6\libgcc.a(_negsi2.o)
 .text.libgcc.div
                0x00000000       0x10 c:/program files (x86)/atmel/studio/7.0/toolchain/avr8/avr8-gnu-toolchain/bin/../lib/gcc/avr/4.9.2/avr6\libgcc.a(_negsi2.o)
 .text.libgcc   0x00000000        0x0 c:/program files (x86)/atmel/studio/7.0/toolchain/avr8/avr8-gnu-toolchain/bin/../lib/gcc/avr/4.9.2/avr6\libgcc.a(_negsi2.o)
 .text.libgcc.prologue
                0x00000000        0x0 c:/program files (x86)/atmel/studio/7.0/toolchain/avr8/avr8-gnu-toolchain/bin/../lib/gcc/avr/4.9.2/avr6\libgcc.a(_negsi2.o)
 .text.libgcc.builtins
                0x00000000        0x0 c:/program files (x86)/atmel/studio/7.0/toolchain/avr8/avr8-gnu-toolchain/bin/../lib/gcc/avr/4.9.2/avr6\libgcc.a(_negsi2.o)
 .text.libgcc.fmul
                0x00000000        0x0 c:/program files (x86)/atmel/studio/7.0/toolchain/avr8/avr8-gnu-toolchain/bin/../lib/gcc/avr/4.9.2/avr6\libgcc.a(_negsi2.o)
 .text.libgcc.fixed
                0x00000000        0x0 c:/program files (x86)/atmel/studio/7.0/toolchain/avr8/avr8-gnu-toolchain/bin/../lib/gcc/avr/4.9.2/avr6\libgcc.a(_negsi2.o)
 .text          0x00000000        0x0 c:/program files (x86)/atmel/studio/7.0/toolchain/avr8/avr8-gnu-toolchain/bin/../lib/gcc/avr/4.9.2/avr6\libgcc.a(_exit.o)
 .data          0x00000000        0x0 c:/program files (x86)/atmel/studio/7.0/toolchain/avr8/avr8-gnu-toolchain/bin/../lib/gcc/avr/4.9.2/avr6\libgcc.a(_exit.o)
 .bss           0x00000000        0x0 c:/program files (x86)/atmel/studio/7.0/toolchain/avr8/avr8-gnu-toolchain/bin/../lib/gcc/avr/4.9.2/avr6\libgcc.a(_exit.o)
 .text.libgcc.mul
                0x00000000        0x0 c:/program files (x86)/atmel/studio/7.0/toolchain/avr8/avr8-gnu-toolchain/bin/../lib/gcc/avr/4.9.2/avr6\libgcc.a(_exit.o)
 .text.libgcc.div
                0x00000000        0x0 c:/program files (x86)/atmel/studio/7.0/toolchain/avr8/avr8-gnu-toolchain/bin/../lib/gcc/avr/4.9.2/avr6\libgcc.a(_exit.o)
 .text.libgcc   0x00000000        0x0 c:/program files (x86)/atmel/studio/7.0/toolchain/avr8/avr8-gnu-toolchain/bin/../lib/gcc/avr/4.9.2/avr6\libgcc.a(_exit.o)
 .text.libgcc.prologue
                0x00000000        0x0 c:/program files (x86)/atmel/studio/7.0/toolchain/avr8/avr8-gnu-toolchain/bin/../lib/gcc/avr/4.9.2/avr6\libgcc.a(_exit.o)
 .text.libgcc.builtins
                0x00000000        0x0 c:/program files (x86)/atmel/studio/7.0/toolchain/avr8/avr8-gnu-toolchain/bin/../lib/gcc/avr/4.9.2/avr6\libgcc.a(_exit.o)
 .text.libgcc.fmul
                0x00000000        0x0 c:/program files (x86)/atmel/studio/7.0/toolchain/avr8/avr8-gnu-toolchain/bin/../lib/gcc/avr/4.9.2/avr6\libgcc.a(_exit.o)
 .text.libgcc.fixed
                0x00000000        0x0 c:/program files (x86)/atmel/studio/7.0/toolchain/avr8/avr8-gnu-toolchain/bin/../lib/gcc/avr/4.9.2/avr6\libgcc.a(_exit.o)
 .text          0x00000000        0x0 c:/program files (x86)/atmel/studio/7.0/toolchain/avr8/avr8-gnu-toolchain/bin/../lib/gcc/avr/4.9.2/avr6\libgcc.a(_tablejump2.o)
 .data          0x00000000        0x0 c:/program files (x86)/atmel/studio/7.0/toolchain/avr8/avr8-gnu-toolchain/bin/../lib/gcc/avr/4.9.2/avr6\libgcc.a(_tablejump2.o)
 .bss           0x00000000        0x0 c:/program files (x86)/atmel/studio/7.0/toolchain/avr8/avr8-gnu-toolchain/bin/../lib/gcc/avr/4.9.2/avr6\libgcc.a(_tablejump2.o)
 .text.libgcc.mul
                0x00000000        0x0 c:/program files (x86)/atmel/studio/7.0/toolchain/avr8/avr8-gnu-toolchain/bin/../lib/gcc/avr/4.9.2/avr6\libgcc.a(_tablejump2.o)
 .text.libgcc.div
                0x00000000        0x0 c:/program files (x86)/atmel/studio/7.0/toolchain/avr8/avr8-gnu-toolchain/bin/../lib/gcc/avr/4.9.2/avr6\libgcc.a(_tablejump2.o)
 .text.libgcc.prologue
                0x00000000        0x0 c:/program files (x86)/atmel/studio/7.0/toolchain/avr8/avr8-gnu-toolchain/bin/../lib/gcc/avr/4.9.2/avr6\libgcc.a(_tablejump2.o)
 .text.libgcc.builtins
                0x00000000        0x0 c:/program files (x86)/atmel/studio/7.0/toolchain/avr8/avr8-gnu-toolchain/bin/../lib/gcc/avr/4.9.2/avr6\libgcc.a(_tablejump2.o)
 .text.libgcc.fmul
                0x00000000        0x0 c:/program files (x86)/atmel/studio/7.0/toolchain/avr8/avr8-gnu-toolchain/bin/../lib/gcc/avr/4.9.2/avr6\libgcc.a(_tablejump2.o)
 .text.libgcc.fixed
                0x00000000        0x0 c:/program files (x86)/atmel/studio/7.0/toolchain/avr8/avr8-gnu-toolchain/bin/../lib/gcc/avr/4.9.2/avr6\libgcc.a(_tablejump2.o)
 .text          0x00000000        0x0 c:/program files (x86)/atmel/studio/7.0/toolchain/avr8/avr8-gnu-toolchain/bin/../lib/gcc/avr/4.9.2/avr6\libgcc.a(_copy_data.o)
 .data          0x00000000        0x0 c:/program files (x86)/atmel/studio/7.0/toolchain/avr8/avr8-gnu-toolchain/bin/../lib/gcc/avr/4.9.2/avr6\libgcc.a(_copy_data.o)
 .bss           0x00000000        0x0 c:/program files (x86)/atmel/studio/7.0/toolchain/avr8/avr8-gnu-toolchain/bin/../lib/gcc/avr/4.9.2/avr6\libgcc.a(_copy_data.o)
 .text.libgcc.mul
                0x00000000        0x0 c:/program files (x86)/atmel/studio/7.0/toolchain/avr8/avr8-gnu-toolchain/bin/../lib/gcc/avr/4.9.2/avr6\libgcc.a(_copy_data.o)
 .text.libgcc.div
                0x00000000        0x0 c:/program files (x86)/atmel/studio/7.0/toolchain/avr8/avr8-gnu-toolchain/bin/../lib/gcc/avr/4.9.2/avr6\libgcc.a(_copy_data.o)
 .text.libgcc   0x00000000        0x0 c:/program files (x86)/atmel/studio/7.0/toolchain/avr8/avr8-gnu-toolchain/bin/../lib/gcc/avr/4.9.2/avr6\libgcc.a(_copy_data.o)
 .text.libgcc.prologue
                0x00000000        0x0 c:/program files (x86)/atmel/studio/7.0/toolchain/avr8/avr8-gnu-toolchain/bin/../lib/gcc/avr/4.9.2/avr6\libgcc.a(_copy_data.o)
 .text.libgcc.builtins
                0x00000000        0x0 c:/program files (x86)/atmel/studio/7.0/toolchain/avr8/avr8-gnu-toolchain/bin/../lib/gcc/avr/4.9.2/avr6\libgcc.a(_copy_data.o)
 .text.libgcc.fmul
                0x00000000        0x0 c:/program files (x86)/atmel/studio/7.0/toolchain/avr8/avr8-gnu-toolchain/bin/../lib/gcc/avr/4.9.2/avr6\libgcc.a(_copy_data.o)
 .text.libgcc.fixed
                0x00000000        0x0 c:/program files (x86)/atmel/studio/7.0/toolchain/avr8/avr8-gnu-toolchain/bin/../lib/gcc/avr/4.9.2/avr6\libgcc.a(_copy_data.o)
 .text          0x00000000        0x0 c:/program files (x86)/atmel/studio/7.0/toolchain/avr8/avr8-gnu-toolchain/bin/../lib/gcc/avr/4.9.2/avr6\libgcc.a(_clear_bss.o)
 .data          0x00000000        0x0 c:/program files (x86)/atmel/studio/7.0/toolchain/avr8/avr8-gnu-toolchain/bin/../lib/gcc/avr/4.9.2/avr6\libgcc.a(_clear_bss.o)
 .bss           0x00000000        0x0 c:/program files (x86)/atmel/studio/7.0/toolchain/avr8/avr8-gnu-toolchain/bin/../lib/gcc/avr/4.9.2/avr6\libgcc.a(_clear_bss.o)
 .text.libgcc.mul
                0x00000000        0x0 c:/program files (x86)/atmel/studio/7.0/toolchain/avr8/avr8-gnu-toolchain/bin/../lib/gcc/avr/4.9.2/avr6\libgcc.a(_clear_bss.o)
 .text.libgcc.div
                0x00000000        0x0 c:/program files (x86)/atmel/studio/7.0/toolchain/avr8/avr8-gnu-toolchain/bin/../lib/gcc/avr/4.9.2/avr6\libgcc.a(_clear_bss.o)
 .text.libgcc   0x00000000        0x0 c:/program files (x86)/atmel/studio/7.0/toolchain/avr8/avr8-gnu-toolchain/bin/../lib/gcc/avr/4.9.2/avr6\libgcc.a(_clear_bss.o)
 .text.libgcc.prologue
                0x00000000        0x0 c:/program files (x86)/atmel/studio/7.0/toolchain/avr8/avr8-gnu-toolchain/bin/../lib/gcc/avr/4.9.2/avr6\libgcc.a(_clear_bss.o)
 .text.libgcc.builtins
                0x00000000        0x0 c:/program files (x86)/atmel/studio/7.0/toolchain/avr8/avr8-gnu-toolchain/bin/../lib/gcc/avr/4.9.2/avr6\libgcc.a(_clear_bss.o)
 .text.libgcc.fmul
                0x00000000        0x0 c:/program files (x86)/atmel/studio/7.0/toolchain/avr8/avr8-gnu-toolchain/bin/../lib/gcc/avr/4.9.2/avr6\libgcc.a(_clear_bss.o)
 .text.libgcc.fixed
                0x00000000        0x0 c:/program files (x86)/atmel/studio/7.0/toolchain/avr8/avr8-gnu-toolchain/bin/../lib/gcc/avr/4.9.2/avr6\libgcc.a(_clear_bss.o)
 .text          0x00000000        0x0 c:/program files (x86)/atmel/studio/7.0/toolchain/avr8/avr8-gnu-toolchain/bin/../lib/gcc/avr/4.9.2/avr6\libgcc.a(_umulhisi3.o)
 .data          0x00000000        0x0 c:/program files (x86)/atmel/studio/7.0/toolchain/avr8/avr8-gnu-toolchain/bin/../lib/gcc/avr/4.9.2/avr6\libgcc.a(_umulhisi3.o)
 .bss           0x00000000        0x0 c:/program files (x86)/atmel/studio/7.0/toolchain/avr8/avr8-gnu-toolchain/bin/../lib/gcc/avr/4.9.2/avr6\libgcc.a(_umulhisi3.o)
 .text.libgcc.mul
                0x00000000       0x1e c:/program files (x86)/atmel/studio/7.0/toolchain/avr8/avr8-gnu-toolchain/bin/../lib/gcc/avr/4.9.2/avr6\libgcc.a(_umulhisi3.o)
 .text.libgcc.div
                0x00000000        0x0 c:/program files (x86)/atmel/studio/7.0/toolchain/avr8/avr8-gnu-toolchain/bin/../lib/gcc/avr/4.9.2/avr6\libgcc.a(_umulhisi3.o)
 .text.libgcc   0x00000000        0x0 c:/program files (x86)/atmel/studio/7.0/toolchain/avr8/avr8-gnu-toolchain/bin/../lib/gcc/avr/4.9.2/avr6\libgcc.a(_umulhisi3.o)
 .text.libgcc.prologue
                0x00000000        0x0 c:/program files (x86)/atmel/studio/7.0/toolchain/avr8/avr8-gnu-toolchain/bin/../lib/gcc/avr/4.9.2/avr6\libgcc.a(_umulhisi3.o)
 .text.libgcc.builtins
                0x00000000        0x0 c:/program files (x86)/atmel/studio/7.0/toolchain/avr8/avr8-gnu-toolchain/bin/../lib/gcc/avr/4.9.2/avr6\libgcc.a(_umulhisi3.o)
 .text.libgcc.fmul
                0x00000000        0x0 c:/program files (x86)/atmel/studio/7.0/toolchain/avr8/avr8-gnu-toolchain/bin/../lib/gcc/avr/4.9.2/avr6\libgcc.a(_umulhisi3.o)
 .text.libgcc.fixed
                0x00000000        0x0 c:/program files (x86)/atmel/studio/7.0/toolchain/avr8/avr8-gnu-toolchain/bin/../lib/gcc/avr/4.9.2/avr6\libgcc.a(_umulhisi3.o)
 .text          0x00000000        0x0 c:/program files (x86)/atmel/studio/7.0/toolchain/avr8/avr8-gnu-toolchain/bin/../lib/gcc/avr/4.9.2/../../../../avr/lib/avr6\libc.a(memcpy.o)
 .data          0x00000000        0x0 c:/program files (x86)/atmel/studio/7.0/toolchain/avr8/avr8-gnu-toolchain/bin/../lib/gcc/avr/4.9.2/../../../../avr/lib/avr6\libc.a(memcpy.o)
 .bss           0x00000000        0x0 c:/program files (x86)/atmel/studio/7.0/toolchain/avr8/avr8-gnu-toolchain/bin/../lib/gcc/avr/4.9.2/../../../../avr/lib/avr6\libc.a(memcpy.o)

Memory Configuration

Name             Origin             Length             Attributes
text             0x00000000         0x00100000         xr
data             0x00800200         0x0000fe00         rw !x
eeprom           0x00810000         0x00010000         rw !x
fuse             0x00820000         0x00000400         rw !x
lock             0x00830000         0x00000400         rw !x
signature        0x00840000         0x00000400         rw !x
user_signatures  0x00850000         0x00000400         rw !x
*default*        0x00000000         0xffffffff

Linker script and memory map

Address of section .data set to 0x800200
LOAD C:/Program Files (x86)/Atmel/Studio/7.0/Packs/atmel/ATmega_DFP/1.0.106/gcc/dev/atmega2560/avr6/crtatmega2560.o
LOAD src/FreeRTOS/Source/portable/timers.o
LOAD src/Common/Minimal/comtest.o
LOAD src/Common/Minimal/crflash.o
LOAD src/Common/Minimal/integer.o
LOAD src/Common/Minimal/PollQ.o
LOAD src/FreeRTOS/Source/event_groups.o
LOAD src/FreeRTOS/Source/list.o
LOAD src/FreeRTOS/Source/portable/croutine.o
LOAD src/FreeRTOS/Source/portable/GCC/ATMega256x/port.o
LOAD src/FreeRTOS/Source/portable/MemMang/heap_1.o
LOAD src/FreeRTOS/Source/queue.o
LOAD src/FreeRTOS/Source/tasks.o
LOAD src/main.o
LOAD src/serial/serial.o
START GROUP
LOAD c:/program files (x86)/atmel/studio/7.0/toolchain/avr8/avr8-gnu-toolchain/bin/../lib/gcc/avr/4.9.2/../../../../avr/lib/avr6\libm.a
END GROUP
START GROUP
LOAD c:/program files (x86)/atmel/studio/7.0/toolchain/avr8/avr8-gnu-toolchain/bin/../lib/gcc/avr/4.9.2/avr6\libgcc.a
LOAD c:/program files (x86)/atmel/studio/7.0/toolchain/avr8/avr8-gnu-toolchain/bin/../lib/gcc/avr/4.9.2/../../../../avr/lib/avr6\libm.a
LOAD c:/program files (x86)/atmel/studio/7.0/toolchain/avr8/avr8-gnu-toolchain/bin/../lib/gcc/avr/4.9.2/../../../../avr/lib/avr6\libc.a
LOAD C:/Program Files (x86)/Atmel/Studio/7.0/Packs/atmel/ATmega_DFP/1.0.106/gcc/dev/atmega2560/avr6\libatmega2560.a
END GROUP
                0x00100000                __TEXT_REGION_LENGTH__ = DEFINED (__TEXT_REGION_LENGTH__)?__TEXT_REGION_LENGTH__:0x100000
                0x0000fe00                __DATA_REGION_LENGTH__ = DEFINED (__DATA_REGION_LENGTH__)?__DATA_REGION_LENGTH__:0xfe00
                0x00010000                __EEPROM_REGION_LENGTH__ = DEFINED (__EEPROM_REGION_LENGTH__)?__EEPROM_REGION_LENGTH__:0x10000
                0x00000400                __FUSE_REGION_LENGTH__ = DEFINED (__FUSE_REGION_LENGTH__)?__FUSE_REGION_LENGTH__:0x400
                0x00000400                __LOCK_REGION_LENGTH__ = DEFINED (__LOCK_REGION_LENGTH__)?__LOCK_REGION_LENGTH__:0x400
                0x00000400                __SIGNATURE_REGION_LENGTH__ = DEFINED (__SIGNATURE_REGION_LENGTH__)?__SIGNATURE_REGION_LENGTH__:0x400
                0x00000400                __USER_SIGNATURE_REGION_LENGTH__ = DEFINED (__USER_SIGNATURE_REGION_LENGTH__)?__USER_SIGNATURE_REGION_LENGTH__:0x400

.hash
 *(.hash)

.dynsym
 *(.dynsym)

.dynstr
 *(.dynstr)

.gnu.version
 *(.gnu.version)

.gnu.version_d
 *(.gnu.version_d)

.gnu.version_r
 *(.gnu.version_r)

.rel.init
 *(.rel.init)

.rela.init
 *(.rela.init)

.rel.text
 *(.rel.text)
 *(.rel.text.*)
 *(.rel.gnu.linkonce.t*)

.rela.text
 *(.rela.text)
 *(.rela.text.*)
 *(.rela.gnu.linkonce.t*)

.rel.fini
 *(.rel.fini)

.rela.fini
 *(.rela.fini)

.rel.rodata
 *(.rel.rodata)
 *(.rel.rodata.*)
 *(.rel.gnu.linkonce.r*)

.rela.rodata
 *(.rela.rodata)
 *(.rela.rodata.*)
 *(.rela.gnu.linkonce.r*)

.rel.data
 *(.rel.data)
 *(.rel.data.*)
 *(.rel.gnu.linkonce.d*)

.rela.data
 *(.rela.data)
 *(.rela.data.*)
 *(.rela.gnu.linkonce.d*)

.rel.ctors
 *(.rel.ctors)

.rela.ctors
 *(.rela.ctors)

.rel.dtors
 *(.rel.dtors)

.rela.dtors
 *(.rela.dtors)

.rel.got
 *(.rel.got)

.rela.got
 *(.rela.got)

.rel.bss
 *(.rel.bss)

.rela.bss
 *(.rela.bss)

.rel.plt
 *(.rel.plt)

.rela.plt
 *(.rela.plt)

.text           0x00000000     0x31d6
 *(.vectors)
 .vectors       0x00000000       0xe4 C:/Program Files (x86)/Atmel/Studio/7.0/Packs/atmel/ATmega_DFP/1.0.106/gcc/dev/atmega2560/avr6/crtatmega2560.o
                0x00000000                __vectors
 *(.vectors)
 *(.progmem.gcc*)
 .progmem.gcc_sw_table.prvProcessReceivedCommands
                0x000000e4       0x14 src/FreeRTOS/Source/portable/timers.o
                0x000000f8                . = ALIGN (0x2)
                0x000000f8                __trampolines_start = .
 *(.trampolines)
 .trampolines   0x000000f8        0x0 linker stubs
 *(.trampolines*)
                0x000000f8                __trampolines_end = .
 *libprintf_flt.a:*(.progmem.data)
 *libc.a:*(.progmem.data)
 *(.progmem*)
                0x000000f8                . = ALIGN (0x2)
 *(.jumptables)
 *(.jumptables*)
 *(.lowtext)
 .lowtext       0x000000f8       0x24 src/FreeRTOS/Source/tasks.o
 *(.lowtext*)
                0x0000011c                __ctors_start = .
 *(.ctors)
                0x0000011c                __ctors_end = .
                0x0000011c                __dtors_start = .
 *(.dtors)
                0x0000011c                __dtors_end = .
 SORT(*)(.ctors)
 SORT(*)(.dtors)
 *(.init0)
 .init0         0x0000011c        0x0 C:/Program Files (x86)/Atmel/Studio/7.0/Packs/atmel/ATmega_DFP/1.0.106/gcc/dev/atmega2560/avr6/crtatmega2560.o
                0x0000011c                __init
 *(.init0)
 *(.init1)
 *(.init1)
 *(.init2)
 .init2         0x0000011c       0x10 C:/Program Files (x86)/Atmel/Studio/7.0/Packs/atmel/ATmega_DFP/1.0.106/gcc/dev/atmega2560/avr6/crtatmega2560.o
 *(.init2)
 *(.init3)
 *(.init3)
 *(.init4)
 .init4         0x0000012c       0x1a c:/program files (x86)/atmel/studio/7.0/toolchain/avr8/avr8-gnu-toolchain/bin/../lib/gcc/avr/4.9.2/avr6\libgcc.a(_copy_data.o)
                0x0000012c                __do_copy_data
 .init4         0x00000146       0x10 c:/program files (x86)/atmel/studio/7.0/toolchain/avr8/avr8-gnu-toolchain/bin/../lib/gcc/avr/4.9.2/avr6\libgcc.a(_clear_bss.o)
                0x00000146                __do_clear_bss
 *(.init4)
 *(.init5)
 *(.init5)
 *(.init6)
 *(.init6)
 *(.init7)
 *(.init7)
 *(.init8)
 *(.init8)
 *(.init9)
 .init9         0x00000156        0x8 C:/Program Files (x86)/Atmel/Studio/7.0/Packs/atmel/ATmega_DFP/1.0.106/gcc/dev/atmega2560/avr6/crtatmega2560.o
 *(.init9)
 *(.text)
 .text          0x0000015e        0x4 C:/Program Files (x86)/Atmel/Studio/7.0/Packs/atmel/ATmega_DFP/1.0.106/gcc/dev/atmega2560/avr6/crtatmega2560.o
                0x0000015e                __vector_38
                0x0000015e                __vector_22
                0x0000015e                __vector_28
                0x0000015e                __vector_1
                0x0000015e                __vector_34
                0x0000015e                __vector_24
                0x0000015e                __vector_12
                0x0000015e                __vector_55
                0x0000015e                __vector_46
                0x0000015e                __bad_interrupt
                0x0000015e                __vector_6
                0x0000015e                __vector_31
                0x0000015e                __vector_35
                0x0000015e                __vector_39
                0x0000015e                __vector_3
                0x0000015e                __vector_23
                0x0000015e                __vector_30
                0x0000015e                __vector_45
                0x0000015e                __vector_11
                0x0000015e                __vector_54
                0x0000015e                __vector_13
                0x0000015e                __vector_17
                0x0000015e                __vector_19
                0x0000015e                __vector_56
                0x0000015e                __vector_7
                0x0000015e                __vector_49
                0x0000015e                __vector_41
                0x0000015e                __vector_43
                0x0000015e                __vector_27
                0x0000015e                __vector_5
                0x0000015e                __vector_33
                0x0000015e                __vector_47
                0x0000015e                __vector_52
                0x0000015e                __vector_37
                0x0000015e                __vector_4
                0x0000015e                __vector_44
                0x0000015e                __vector_51
                0x0000015e                __vector_9
                0x0000015e                __vector_2
                0x0000015e                __vector_21
                0x0000015e                __vector_15
                0x0000015e                __vector_36
                0x0000015e                __vector_29
                0x0000015e                __vector_40
                0x0000015e                __vector_8
                0x0000015e                __vector_48
                0x0000015e                __vector_14
                0x0000015e                __vector_53
                0x0000015e                __vector_10
                0x0000015e                __vector_50
                0x0000015e                __vector_16
                0x0000015e                __vector_18
                0x0000015e                __vector_20
                0x0000015e                __vector_42
                0x00000162                . = ALIGN (0x2)
 *(.text.*)
 .text.xTimerCreateTimerTask
                0x00000162       0x64 src/FreeRTOS/Source/portable/timers.o
                0x00000162                xTimerCreateTimerTask
 .text.xTimerCreate
                0x000001c6       0xb2 src/FreeRTOS/Source/portable/timers.o
                0x000001c6                xTimerCreate
 .text.xTimerGenericCommand
                0x00000278       0xc4 src/FreeRTOS/Source/portable/timers.o
                0x00000278                xTimerGenericCommand
 .text.prvProcessExpiredTimer
                0x0000033c       0xb0 src/FreeRTOS/Source/portable/timers.o
 .text.prvTimerTask
                0x000003ec       0x2a src/FreeRTOS/Source/portable/timers.o
 .text.prvProcessTimerOrBlockTask
                0x00000416       0x88 src/FreeRTOS/Source/portable/timers.o
 .text.prvGetNextExpireTime
                0x0000049e       0x6a src/FreeRTOS/Source/portable/timers.o
 .text.prvSampleTimeNow
                0x00000508       0x5e src/FreeRTOS/Source/portable/timers.o
 .text.prvInsertTimerInActiveList
                0x00000566       0xd6 src/FreeRTOS/Source/portable/timers.o
 .text.prvProcessReceivedCommands
                0x0000063c      0x168 src/FreeRTOS/Source/portable/timers.o
 .text.prvSwitchTimerLists
                0x000007a4      0x12e src/FreeRTOS/Source/portable/timers.o
 .text.prvCheckForValidListAndQueue
                0x000008d2       0x58 src/FreeRTOS/Source/portable/timers.o
 .text.vListInitialise
                0x0000092a       0x6c src/FreeRTOS/Source/list.o
                0x0000092a                vListInitialise
 .text.vListInitialiseItem
                0x00000996       0x24 src/FreeRTOS/Source/list.o
                0x00000996                vListInitialiseItem
 .text.vListInsertEnd
                0x000009ba       0x9a src/FreeRTOS/Source/list.o
                0x000009ba                vListInsertEnd
 .text.vListInsert
                0x00000a54       0xee src/FreeRTOS/Source/list.o
                0x00000a54                vListInsert
 .text.uxListRemove
                0x00000b42       0xae src/FreeRTOS/Source/list.o
                0x00000b42                uxListRemove
 .text.pxPortInitialiseStack
                0x00000bf0      0x388 src/FreeRTOS/Source/portable/GCC/ATMega256x/port.o
                0x00000bf0                pxPortInitialiseStack
 .text.xPortStartScheduler
                0x00000f78       0x70 src/FreeRTOS/Source/portable/GCC/ATMega256x/port.o
                0x00000f78                xPortStartScheduler
 .text.vPortYield
                0x00000fe8       0xc2 src/FreeRTOS/Source/portable/GCC/ATMega256x/port.o
                0x00000fe8                vPortYield
 .text.vPortYieldFromTick
                0x000010aa       0xf8 src/FreeRTOS/Source/portable/GCC/ATMega256x/port.o
                0x000010aa                vPortYieldFromTick
 .text.prvSetupTimerInterrupt
                0x000011a2      0x130 src/FreeRTOS/Source/portable/GCC/ATMega256x/port.o
 .text.__vector_32
                0x000012d2        0x4 src/FreeRTOS/Source/portable/GCC/ATMega256x/port.o
                0x000012d2                __vector_32
 .text.pvPortMalloc
                0x000012d6       0xa6 src/FreeRTOS/Source/portable/MemMang/heap_1.o
                0x000012d6                pvPortMalloc
 .text.vPortFree
                0x0000137c       0x1a src/FreeRTOS/Source/portable/MemMang/heap_1.o
                0x0000137c                vPortFree
 .text.xQueueGenericReset
                0x00001396      0x122 src/FreeRTOS/Source/queue.o
                0x00001396                xQueueGenericReset
 .text.xQueueGenericCreate
                0x000014b8       0xcc src/FreeRTOS/Source/queue.o
                0x000014b8                xQueueGenericCreate
 .text.xQueueGenericSend
                0x00001584      0x14a src/FreeRTOS/Source/queue.o
                0x00001584                xQueueGenericSend
 .text.xQueueGenericSendFromISR
                0x000016ce       0xbc src/FreeRTOS/Source/queue.o
                0x000016ce                xQueueGenericSendFromISR
 .text.xQueueGenericReceive
                0x0000178a      0x17c src/FreeRTOS/Source/queue.o
                0x0000178a                xQueueGenericReceive
 .text.xQueueReceiveFromISR
                0x00001906       0xbe src/FreeRTOS/Source/queue.o
                0x00001906                xQueueReceiveFromISR
 .text.prvCopyDataToQueue
                0x000019c4      0x17e src/FreeRTOS/Source/queue.o
 .text.prvCopyDataFromQueue
                0x00001b42       0xa0 src/FreeRTOS/Source/queue.o
 .text.prvUnlockQueue
                0x00001be2       0xc2 src/FreeRTOS/Source/queue.o
 .text.prvIsQueueEmpty
                0x00001ca4       0x3a src/FreeRTOS/Source/queue.o
 .text.prvIsQueueFull
                0x00001cde       0x42 src/FreeRTOS/Source/queue.o
 .text.vQueueWaitForMessageRestricted
                0x00001d20       0x80 src/FreeRTOS/Source/queue.o
                0x00001d20                vQueueWaitForMessageRestricted
 .text.xTaskGenericCreate
                0x00001da0      0x1c4 src/FreeRTOS/Source/tasks.o
                0x00001da0                xTaskGenericCreate
 .text.vTaskDelay
                0x00001f64       0x62 src/FreeRTOS/Source/tasks.o
                0x00001f64                vTaskDelay
 .text.vTaskSuspend
                0x00001fc6       0xc2 src/FreeRTOS/Source/tasks.o
                0x00001fc6                vTaskSuspend
 .text.vTaskStartScheduler
                0x00002088       0x76 src/FreeRTOS/Source/tasks.o
                0x00002088                vTaskStartScheduler
 .text.vTaskSuspendAll
                0x000020fe       0x18 src/FreeRTOS/Source/tasks.o
                0x000020fe                vTaskSuspendAll
 .text.xTaskResumeAll
                0x00002116      0x118 src/FreeRTOS/Source/tasks.o
                0x00002116                xTaskResumeAll
 .text.xTaskGetTickCount
                0x0000222e       0x30 src/FreeRTOS/Source/tasks.o
                0x0000222e                xTaskGetTickCount
 .text.xTaskIncrementTick
                0x0000225e      0x1da src/FreeRTOS/Source/tasks.o
                0x0000225e                xTaskIncrementTick
 .text.vTaskSwitchContext
                0x00002438      0x11c src/FreeRTOS/Source/tasks.o
                0x00002438                vTaskSwitchContext
 .text.vTaskPlaceOnEventList
                0x00002554       0x84 src/FreeRTOS/Source/tasks.o
                0x00002554                vTaskPlaceOnEventList
 .text.vTaskPlaceOnEventListRestricted
                0x000025d8       0x66 src/FreeRTOS/Source/tasks.o
                0x000025d8                vTaskPlaceOnEventListRestricted
 .text.xTaskRemoveFromEventList
                0x0000263e       0xda src/FreeRTOS/Source/tasks.o
                0x0000263e                xTaskRemoveFromEventList
 .text.vTaskSetTimeOutState
                0x00002718       0x38 src/FreeRTOS/Source/tasks.o
                0x00002718                vTaskSetTimeOutState
 .text.xTaskCheckForTimeOut
                0x00002750       0xe0 src/FreeRTOS/Source/tasks.o
                0x00002750                xTaskCheckForTimeOut
 .text.vTaskMissedYield
                0x00002830       0x14 src/FreeRTOS/Source/tasks.o
                0x00002830                vTaskMissedYield
 .text.prvInitialiseTCBVariables
                0x00002844      0x108 src/FreeRTOS/Source/tasks.o
 .text.prvInitialiseTaskLists
                0x0000294c       0x82 src/FreeRTOS/Source/tasks.o
 .text.prvCheckTasksWaitingTermination
                0x000029ce       0x78 src/FreeRTOS/Source/tasks.o
 .text.prvAddCurrentTaskToDelayedList
                0x00002a46       0x96 src/FreeRTOS/Source/tasks.o
 .text.prvAllocateTCBAndStack
                0x00002adc       0x86 src/FreeRTOS/Source/tasks.o
 .text.prvDeleteTCB
                0x00002b62       0x30 src/FreeRTOS/Source/tasks.o
 .text.prvResetNextTaskUnblockTime
                0x00002b92       0x5e src/FreeRTOS/Source/tasks.o
 .text.xTaskGetSchedulerState
                0x00002bf0       0x32 src/FreeRTOS/Source/tasks.o
                0x00002bf0                xTaskGetSchedulerState
 .text.vTimerCallback1
                0x00002c22       0x30 src/main.o
                0x00002c22                vTimerCallback1
 .text.vTimerCallback2
                0x00002c52       0x30 src/main.o
                0x00002c52                vTimerCallback2
 .text.vTimerCallback3
                0x00002c82       0x30 src/main.o
                0x00002c82                vTimerCallback3
 .text.vTask4   0x00002cb2       0xd0 src/main.o
                0x00002cb2                vTask4
 .text.vTask1   0x00002d82       0x2e src/main.o
                0x00002d82                vTask1
 .text.vTask2   0x00002db0       0x2e src/main.o
                0x00002db0                vTask2
 .text.vTask3   0x00002dde       0x2e src/main.o
                0x00002dde                vTask3
 .text.main     0x00002e0c       0xf8 src/main.o
                0x00002e0c                main
 .text.delay    0x00002f04       0x88 src/main.o
                0x00002f04                delay
 .text.vApplicationIdleHook
                0x00002f8c        0xe src/main.o
                0x00002f8c                vApplicationIdleHook
 .text.__vector_default
                0x00002f9a       0x5a src/main.o
                0x00002f9a                __vector_default
 .text.vApplicationStackOverflowHook
                0x00002ff4       0x34 src/main.o
                0x00002ff4                vApplicationStackOverflowHook
 .text.__vector_25
                0x00003028       0x98 src/serial/serial.o
                0x00003028                __vector_25
 .text.__vector_26
                0x000030c0       0xac src/serial/serial.o
                0x000030c0                __vector_26
 .text.libgcc.div
                0x0000316c       0x44 c:/program files (x86)/atmel/studio/7.0/toolchain/avr8/avr8-gnu-toolchain/bin/../lib/gcc/avr/4.9.2/avr6\libgcc.a(_udivmodsi4.o)
                0x0000316c                __udivmodsi4
 .text.libgcc   0x000031b0       0x10 c:/program files (x86)/atmel/studio/7.0/toolchain/avr8/avr8-gnu-toolchain/bin/../lib/gcc/avr/4.9.2/avr6\libgcc.a(_tablejump2.o)
                0x000031b0                __tablejump2__
 .text.avr-libc
                0x000031c0       0x12 c:/program files (x86)/atmel/studio/7.0/toolchain/avr8/avr8-gnu-toolchain/bin/../lib/gcc/avr/4.9.2/../../../../avr/lib/avr6\libc.a(memcpy.o)
                0x000031c0                memcpy
                0x000031d2                . = ALIGN (0x2)
 *(.fini9)
 .fini9         0x000031d2        0x0 c:/program files (x86)/atmel/studio/7.0/toolchain/avr8/avr8-gnu-toolchain/bin/../lib/gcc/avr/4.9.2/avr6\libgcc.a(_exit.o)
                0x000031d2                _exit
                0x000031d2                exit
 *(.fini9)
 *(.fini8)
 *(.fini8)
 *(.fini7)
 *(.fini7)
 *(.fini6)
 *(.fini6)
 *(.fini5)
 *(.fini5)
 *(.fini4)
 *(.fini4)
 *(.fini3)
 *(.fini3)
 *(.fini2)
 *(.fini2)
 *(.fini1)
 *(.fini1)
 *(.fini0)
 .fini0         0x000031d2        0x4 c:/program files (x86)/atmel/studio/7.0/toolchain/avr8/avr8-gnu-toolchain/bin/../lib/gcc/avr/4.9.2/avr6\libgcc.a(_exit.o)
 *(.fini0)
                0x000031d6                _etext = .

.data           0x00800200       0x44 load address 0x000031d6
                0x00800200                PROVIDE (__data_start, .)
 *(.data)
 *(.data*)
 .data.xNextTaskUnblockTime
                0x00800200        0x2 src/FreeRTOS/Source/tasks.o
 *(.rodata)
 .rodata        0x00800202        0x8 src/FreeRTOS/Source/portable/timers.o
 .rodata        0x0080020a        0x5 src/FreeRTOS/Source/tasks.o
 .rodata        0x0080020f       0x34 src/main.o
 *(.rodata*)
 *(.gnu.linkonce.d*)
                0x00800244                . = ALIGN (0x2)
 *fill*         0x00800243        0x1 
                0x00800244                _edata = .
                0x00800244                PROVIDE (__data_end, .)

.bss            0x00800244      0xa5e
                0x00800244                PROVIDE (__bss_start, .)
 *(.bss)
 *(.bss*)
 .bss.xActiveTimerList1
                0x00800244        0x9 src/FreeRTOS/Source/portable/timers.o
 .bss.xActiveTimerList2
                0x0080024d        0x9 src/FreeRTOS/Source/portable/timers.o
 .bss.pxCurrentTimerList
                0x00800256        0x2 src/FreeRTOS/Source/portable/timers.o
 .bss.pxOverflowTimerList
                0x00800258        0x2 src/FreeRTOS/Source/portable/timers.o
 .bss.xTimerQueue
                0x0080025a        0x2 src/FreeRTOS/Source/portable/timers.o
 .bss.xLastTime.2138
                0x0080025c        0x2 src/FreeRTOS/Source/portable/timers.o
 .bss.portTickRateHz
                0x0080025e        0x2 src/FreeRTOS/Source/portable/GCC/ATMega256x/port.o
 .bss.ticksRemainingInSec
                0x00800260        0x2 src/FreeRTOS/Source/portable/GCC/ATMega256x/port.o
 .bss.ucHeap    0x00800262      0x9c4 src/FreeRTOS/Source/portable/MemMang/heap_1.o
 .bss.xNextFreeByte
                0x00800c26        0x2 src/FreeRTOS/Source/portable/MemMang/heap_1.o
 .bss.pucAlignedHeap.1892
                0x00800c28        0x2 src/FreeRTOS/Source/portable/MemMang/heap_1.o
 .bss.pxCurrentTCB
                0x00800c2a        0x2 src/FreeRTOS/Source/tasks.o
                0x00800c2a                pxCurrentTCB
 .bss.pxReadyTasksLists
                0x00800c2c       0x24 src/FreeRTOS/Source/tasks.o
 .bss.xDelayedTaskList1
                0x00800c50        0x9 src/FreeRTOS/Source/tasks.o
 .bss.xDelayedTaskList2
                0x00800c59        0x9 src/FreeRTOS/Source/tasks.o
 .bss.pxDelayedTaskList
                0x00800c62        0x2 src/FreeRTOS/Source/tasks.o
 .bss.pxOverflowDelayedTaskList
                0x00800c64        0x2 src/FreeRTOS/Source/tasks.o
 .bss.xPendingReadyList
                0x00800c66        0x9 src/FreeRTOS/Source/tasks.o
 .bss.xTasksWaitingTermination
                0x00800c6f        0x9 src/FreeRTOS/Source/tasks.o
 .bss.uxTasksDeleted
                0x00800c78        0x1 src/FreeRTOS/Source/tasks.o
 .bss.xSuspendedTaskList
                0x00800c79        0x9 src/FreeRTOS/Source/tasks.o
 .bss.uxCurrentNumberOfTasks
                0x00800c82        0x1 src/FreeRTOS/Source/tasks.o
 .bss.xTickCount
                0x00800c83        0x2 src/FreeRTOS/Source/tasks.o
 .bss.uxTopReadyPriority
                0x00800c85        0x1 src/FreeRTOS/Source/tasks.o
 .bss.xSchedulerRunning
                0x00800c86        0x1 src/FreeRTOS/Source/tasks.o
 .bss.uxPendedTicks
                0x00800c87        0x1 src/FreeRTOS/Source/tasks.o
 .bss.xYieldPending
                0x00800c88        0x1 src/FreeRTOS/Source/tasks.o
 .bss.xNumOfOverflows
                0x00800c89        0x1 src/FreeRTOS/Source/tasks.o
 .bss.uxTaskNumber
                0x00800c8a        0x1 src/FreeRTOS/Source/tasks.o
 .bss.uxSchedulerSuspended
                0x00800c8b        0x1 src/FreeRTOS/Source/tasks.o
 .bss.xRxedChars
                0x00800c8c        0x2 src/serial/serial.o
 .bss.xCharsForTx
                0x00800c8e        0x2 src/serial/serial.o
 *(COMMON)
 COMMON         0x00800c90       0x12 src/main.o
                0x00800c90                xSemaphore3
                0x00800c92                x1Handle
                0x00800c94                x2Handle
                0x00800c96                xSemaphore1
                0x00800c98                xTimer2
                0x00800c9a                xSemaphore2
                0x00800c9c                xTimer1
                0x00800c9e                xQueue1
                0x00800ca0                xTimer3
                0x00800ca2                PROVIDE (__bss_end, .)
                0x000031d6                __data_load_start = LOADADDR (.data)
                0x0000321a                __data_load_end = (__data_load_start + SIZEOF (.data))

.noinit         0x00800ca2        0x0
                [!provide]                PROVIDE (__noinit_start, .)
 *(.noinit*)
                [!provide]                PROVIDE (__noinit_end, .)
                0x00800ca2                _end = .
                [!provide]                PROVIDE (__heap_start, .)

.eeprom         0x00810000        0x0
 *(.eeprom*)
                0x00810000                __eeprom_end = .

.fuse
 *(.fuse)
 *(.lfuse)
 *(.hfuse)
 *(.efuse)

.lock
 *(.lock*)

.signature
 *(.signature*)

.user_signatures
 *(.user_signatures*)

.stab
 *(.stab)

.stabstr
 *(.stabstr)

.stab.excl
 *(.stab.excl)

.stab.exclstr
 *(.stab.exclstr)

.stab.index
 *(.stab.index)

.stab.indexstr
 *(.stab.indexstr)

.comment        0x00000000       0x30
 *(.comment)
 .comment       0x00000000       0x30 src/FreeRTOS/Source/portable/timers.o
                                 0x31 (size before relaxing)
 .comment       0x00000030       0x31 src/FreeRTOS/Source/list.o
 .comment       0x00000030       0x31 src/FreeRTOS/Source/portable/GCC/ATMega256x/port.o
 .comment       0x00000030       0x31 src/FreeRTOS/Source/portable/MemMang/heap_1.o
 .comment       0x00000030       0x31 src/FreeRTOS/Source/queue.o
 .comment       0x00000030       0x31 src/FreeRTOS/Source/tasks.o
 .comment       0x00000030       0x31 src/main.o
 .comment       0x00000030       0x31 src/serial/serial.o

.note.gnu.avr.deviceinfo
                0x00000000       0x40
 .note.gnu.avr.deviceinfo
                0x00000000       0x40 C:/Program Files (x86)/Atmel/Studio/7.0/Packs/atmel/ATmega_DFP/1.0.106/gcc/dev/atmega2560/avr6/crtatmega2560.o

.note.gnu.build-id
 *(.note.gnu.build-id)

.debug
 *(.debug)

.line
 *(.line)

.debug_srcinfo
 *(.debug_srcinfo)

.debug_sfnames
 *(.debug_sfnames)

.debug_aranges  0x00000000      0x450
 *(.debug_aranges)
 .debug_aranges
                0x00000000       0x98 src/FreeRTOS/Source/portable/timers.o
 .debug_aranges
                0x00000098       0x40 src/FreeRTOS/Source/list.o
 .debug_aranges
                0x000000d8       0x50 src/FreeRTOS/Source/portable/GCC/ATMega256x/port.o
 .debug_aranges
                0x00000128       0x38 src/FreeRTOS/Source/portable/MemMang/heap_1.o
 .debug_aranges
                0x00000160       0xd8 src/FreeRTOS/Source/queue.o
 .debug_aranges
                0x00000238      0x158 src/FreeRTOS/Source/tasks.o
 .debug_aranges
                0x00000390       0x78 src/main.o
 .debug_aranges
                0x00000408       0x48 src/serial/serial.o

.debug_pubnames
 *(.debug_pubnames)

.debug_info     0x00000000     0x3199
 *(.debug_info .gnu.linkonce.wi.*)
 .debug_info    0x00000000      0x874 src/FreeRTOS/Source/portable/timers.o
 .debug_info    0x00000874      0x2a9 src/FreeRTOS/Source/list.o
 .debug_info    0x00000b1d      0x214 src/FreeRTOS/Source/portable/GCC/ATMega256x/port.o
 .debug_info    0x00000d31      0x170 src/FreeRTOS/Source/portable/MemMang/heap_1.o
 .debug_info    0x00000ea1      0xba3 src/FreeRTOS/Source/queue.o
 .debug_info    0x00001a44     0x113d src/FreeRTOS/Source/tasks.o
 .debug_info    0x00002b81      0x365 src/main.o
 .debug_info    0x00002ee6      0x2b3 src/serial/serial.o

.debug_abbrev   0x00000000      0x9e7
 *(.debug_abbrev)
 .debug_abbrev  0x00000000      0x1a4 src/FreeRTOS/Source/portable/timers.o
 .debug_abbrev  0x000001a4       0xc0 src/FreeRTOS/Source/list.o
 .debug_abbrev  0x00000264      0x104 src/FreeRTOS/Source/portable/GCC/ATMega256x/port.o
 .debug_abbrev  0x00000368       0xf0 src/FreeRTOS/Source/portable/MemMang/heap_1.o
 .debug_abbrev  0x00000458      0x177 src/FreeRTOS/Source/queue.o
 .debug_abbrev  0x000005cf      0x235 src/FreeRTOS/Source/tasks.o
 .debug_abbrev  0x00000804       0xed src/main.o
 .debug_abbrev  0x000008f1       0xf6 src/serial/serial.o

.debug_line     0x00000000     0x30f1
 *(.debug_line .debug_line.* .debug_line_end)
 .debug_line    0x00000000      0x5d5 src/FreeRTOS/Source/portable/timers.o
 .debug_line    0x000005d5      0x252 src/FreeRTOS/Source/list.o
 .debug_line    0x00000827      0x496 src/FreeRTOS/Source/portable/GCC/ATMega256x/port.o
 .debug_line    0x00000cbd      0x1d2 src/FreeRTOS/Source/portable/MemMang/heap_1.o
 .debug_line    0x00000e8f      0xb61 src/FreeRTOS/Source/queue.o
 .debug_line    0x000019f0     0x1114 src/FreeRTOS/Source/tasks.o
 .debug_line    0x00002b04      0x384 src/main.o
 .debug_line    0x00002e88      0x269 src/serial/serial.o

.debug_frame    0x00000000     0x1078
 *(.debug_frame)
 .debug_frame   0x00000000      0x274 src/FreeRTOS/Source/portable/timers.o
 .debug_frame   0x00000274       0xb4 src/FreeRTOS/Source/list.o
 .debug_frame   0x00000328       0xc4 src/FreeRTOS/Source/portable/GCC/ATMega256x/port.o
 .debug_frame   0x000003ec       0x94 src/FreeRTOS/Source/portable/MemMang/heap_1.o
 .debug_frame   0x00000480      0x314 src/FreeRTOS/Source/queue.o
 .debug_frame   0x00000794      0x598 src/FreeRTOS/Source/tasks.o
 .debug_frame   0x00000d2c      0x1e8 src/main.o
 .debug_frame   0x00000f14      0x164 src/serial/serial.o

.debug_str      0x00000000     0x16b0
 *(.debug_str)
 .debug_str     0x00000000      0x5e3 src/FreeRTOS/Source/portable/timers.o
                                0x674 (size before relaxing)
 .debug_str     0x000005e3       0xb2 src/FreeRTOS/Source/list.o
                                0x2ba (size before relaxing)
 .debug_str     0x00000695      0x13c src/FreeRTOS/Source/portable/GCC/ATMega256x/port.o
                                0x2d2 (size before relaxing)
 .debug_str     0x000007d1       0xaa src/FreeRTOS/Source/portable/MemMang/heap_1.o
                                0x226 (size before relaxing)
 .debug_str     0x0000087b      0x3ff src/FreeRTOS/Source/queue.o
                                0x68d (size before relaxing)
 .debug_str     0x00000c7a      0x83d src/FreeRTOS/Source/tasks.o
                                0xb5d (size before relaxing)
 .debug_str     0x000014b7       0xfc src/main.o
                                0x2f5 (size before relaxing)
 .debug_str     0x000015b3       0xfd src/serial/serial.o
                                0x2c1 (size before relaxing)

.debug_loc      0x00000000     0x22e5
 *(.debug_loc)
 .debug_loc     0x00000000      0x54a src/FreeRTOS/Source/portable/timers.o
 .debug_loc     0x0000054a      0x167 src/FreeRTOS/Source/list.o
 .debug_loc     0x000006b1      0x104 src/FreeRTOS/Source/portable/GCC/ATMega256x/port.o
 .debug_loc     0x000007b5      0x106 src/FreeRTOS/Source/portable/MemMang/heap_1.o
 .debug_loc     0x000008bb      0x6b5 src/FreeRTOS/Source/queue.o
 .debug_loc     0x00000f70      0xc44 src/FreeRTOS/Source/tasks.o
 .debug_loc     0x00001bb4      0x416 src/main.o
 .debug_loc     0x00001fca      0x31b src/serial/serial.o

.debug_macinfo
 *(.debug_macinfo)

.debug_weaknames
 *(.debug_weaknames)

.debug_funcnames
 *(.debug_funcnames)

.debug_typenames
 *(.debug_typenames)

.debug_varnames
 *(.debug_varnames)

.debug_pubtypes
 *(.debug_pubtypes)

.debug_ranges   0x00000000      0x3e8
 *(.debug_ranges)
 .debug_ranges  0x00000000       0x88 src/FreeRTOS/Source/portable/timers.o
 .debug_ranges  0x00000088       0x30 src/FreeRTOS/Source/list.o
 .debug_ranges  0x000000b8       0x40 src/FreeRTOS/Source/portable/GCC/ATMega256x/port.o
 .debug_ranges  0x000000f8       0x28 src/FreeRTOS/Source/portable/MemMang/heap_1.o
 .debug_ranges  0x00000120       0xc8 src/FreeRTOS/Source/queue.o
 .debug_ranges  0x000001e8      0x160 src/FreeRTOS/Source/tasks.o
 .debug_ranges  0x00000348       0x68 src/main.o
 .debug_ranges  0x000003b0       0x38 src/serial/serial.o

.debug_macro
 *(.debug_macro)
OUTPUT(FreeRTOS_VIA_Timers.elf elf32-avr)
LOAD linker stubs
